
  .   ____          _            __ _ _
 /\\ / ___'_ __ _ _(_)_ __  __ _ \ \ \ \
( ( )\___ | '_ | '_| | '_ \/ _` | \ \ \ \
 \\/  ___)| |_)| | | | | || (_| |  ) ) ) )
  '  |____| .__|_| |_|_| |_\__, | / / / /
 =========|_|==============|___/=/_/_/_/

 :: Spring Boot ::                (v4.1.0)

2026-08-13T21:47:51.064+09:00  INFO 12363 --- [game-history-lab] [           main] l.g.GameHistoryLabApplicationKt          : Starting GameHistoryLabApplicationKt v0.0.1-SNAPSHOT using Java 21.0.5 with PID 12363 (/Users/hongseungjun/이직/project/game-history-lab/build/libs/game-history-lab-0.0.1-SNAPSHOT.jar started by hongseungjun in /Users/hongseungjun/이직/project/game-history-lab)
2026-08-13T21:47:51.066+09:00  INFO 12363 --- [game-history-lab] [           main] l.g.GameHistoryLabApplicationKt          : No active profile set, falling back to 1 default profile: "default"
2026-08-13T21:47:51.932+09:00  INFO 12363 --- [game-history-lab] [           main] com.zaxxer.hikari.HikariDataSource       : HikariPool-1 - Starting...
2026-08-13T21:47:52.175+09:00  INFO 12363 --- [game-history-lab] [           main] com.zaxxer.hikari.pool.HikariPool        : HikariPool-1 - Added connection com.mysql.cj.jdbc.ConnectionImpl@2dcd0e41
2026-08-13T21:47:52.176+09:00  INFO 12363 --- [game-history-lab] [           main] com.zaxxer.hikari.HikariDataSource       : HikariPool-1 - Start completed.
2026-08-13T21:47:52.354+09:00  WARN 12363 --- [game-history-lab] [           main] o.s.b.c.l.AbstractListenerFactoryBean    : org.springframework.batch.infrastructure.item.ItemProcessor is an interface. The implementing class will not be queried for annotation based listener configurations. If using @StepScope on a @Bean method, be sure to return the implementing class so listener annotations can be used.
2026-08-13T21:47:52.360+09:00  INFO 12363 --- [game-history-lab] [           main] o.s.b.c.step.item.ChunkOrientedTasklet   : DEPRECATION NOTE: The legacy implementation of the chunk-oriented processing model is deprecated as of Spring Batch 6.0 and will be removed in version 7.0.
2026-08-13T21:47:52.370+09:00  WARN 12363 --- [game-history-lab] [           main] o.s.b.c.l.AbstractListenerFactoryBean    : org.springframework.batch.infrastructure.item.ItemProcessor is an interface. The implementing class will not be queried for annotation based listener configurations. If using @StepScope on a @Bean method, be sure to return the implementing class so listener annotations can be used.
2026-08-13T21:47:52.370+09:00  INFO 12363 --- [game-history-lab] [           main] o.s.b.c.step.item.ChunkOrientedTasklet   : DEPRECATION NOTE: The legacy implementation of the chunk-oriented processing model is deprecated as of Spring Batch 6.0 and will be removed in version 7.0.
2026-08-13T21:47:52.517+09:00  INFO 12363 --- [game-history-lab] [           main] o.a.kafka.common.config.AbstractConfig   : ConsumerConfig values: 
	allow.auto.create.topics = true
	auto.commit.interval.ms = 5000
	auto.offset.reset = latest
	bootstrap.servers = [localhost:29092]
	check.crcs = true
	client.dns.lookup = use_all_dns_ips
	client.id = consumer-stage5-failure-evidence-20260813T124200Z-1
	client.rack = 
	config.providers = []
	connections.max.idle.ms = 540000
	default.api.timeout.ms = 60000
	enable.auto.commit = false
	enable.metrics.push = true
	exclude.internal.topics = true
	fetch.max.bytes = 52428800
	fetch.max.wait.ms = 500
	fetch.min.bytes = 1
	group.id = stage5-failure-evidence-20260813T124200Z
	group.instance.id = null
	group.protocol = classic
	group.remote.assignor = null
	heartbeat.interval.ms = 3000
	interceptor.classes = []
	internal.throw.on.fetch.stable.offset.unsupported = false
	isolation.level = read_uncommitted
	key.deserializer = class org.apache.kafka.common.serialization.StringDeserializer
	max.partition.fetch.bytes = 1048576
	max.poll.interval.ms = 300000
	max.poll.records = 500
	metadata.max.age.ms = 300000
	metadata.recovery.rebootstrap.trigger.ms = 300000
	metadata.recovery.strategy = rebootstrap
	metric.reporters = [org.apache.kafka.common.metrics.JmxReporter]
	metrics.num.samples = 2
	metrics.recording.level = INFO
	metrics.sample.window.ms = 30000
	partition.assignment.strategy = [class org.apache.kafka.clients.consumer.RangeAssignor, class org.apache.kafka.clients.consumer.CooperativeStickyAssignor]
	receive.buffer.bytes = 65536
	reconnect.backoff.max.ms = 1000
	reconnect.backoff.ms = 50
	request.timeout.ms = 30000
	retry.backoff.max.ms = 1000
	retry.backoff.ms = 100
	sasl.client.callback.handler.class = null
	sasl.jaas.config = null
	sasl.kerberos.kinit.cmd = /usr/bin/kinit
	sasl.kerberos.min.time.before.relogin = 60000
	sasl.kerberos.service.name = null
	sasl.kerberos.ticket.renew.jitter = 0.05
	sasl.kerberos.ticket.renew.window.factor = 0.8
	sasl.login.callback.handler.class = null
	sasl.login.class = null
	sasl.login.connect.timeout.ms = null
	sasl.login.read.timeout.ms = null
	sasl.login.refresh.buffer.seconds = 300
	sasl.login.refresh.min.period.seconds = 60
	sasl.login.refresh.window.factor = 0.8
	sasl.login.refresh.window.jitter = 0.05
	sasl.login.retry.backoff.max.ms = 10000
	sasl.login.retry.backoff.ms = 100
	sasl.mechanism = GSSAPI
	sasl.oauthbearer.assertion.algorithm = RS256
	sasl.oauthbearer.assertion.claim.aud = null
	sasl.oauthbearer.assertion.claim.exp.seconds = 300
	sasl.oauthbearer.assertion.claim.iss = null
	sasl.oauthbearer.assertion.claim.jti.include = false
	sasl.oauthbearer.assertion.claim.nbf.seconds = 60
	sasl.oauthbearer.assertion.claim.sub = null
	sasl.oauthbearer.assertion.file = null
	sasl.oauthbearer.assertion.private.key.file = null
	sasl.oauthbearer.assertion.private.key.passphrase = null
	sasl.oauthbearer.assertion.template.file = null
	sasl.oauthbearer.client.credentials.client.id = null
	sasl.oauthbearer.client.credentials.client.secret = null
	sasl.oauthbearer.clock.skew.seconds = 30
	sasl.oauthbearer.expected.audience = []
	sasl.oauthbearer.expected.issuer = null
	sasl.oauthbearer.header.urlencode = false
	sasl.oauthbearer.jwks.endpoint.refresh.ms = 3600000
	sasl.oauthbearer.jwks.endpoint.retry.backoff.max.ms = 10000
	sasl.oauthbearer.jwks.endpoint.retry.backoff.ms = 100
	sasl.oauthbearer.jwks.endpoint.url = null
	sasl.oauthbearer.jwt.retriever.class = class org.apache.kafka.common.security.oauthbearer.DefaultJwtRetriever
	sasl.oauthbearer.jwt.validator.class = class org.apache.kafka.common.security.oauthbearer.DefaultJwtValidator
	sasl.oauthbearer.scope = null
	sasl.oauthbearer.scope.claim.name = scope
	sasl.oauthbearer.sub.claim.name = sub
	sasl.oauthbearer.token.endpoint.url = null
	security.protocol = PLAINTEXT
	security.providers = null
	send.buffer.bytes = 131072
	session.timeout.ms = 45000
	share.acknowledgement.mode = implicit
	share.acquire.mode = BATCH_OPTIMIZED
	socket.connection.setup.timeout.max.ms = 30000
	socket.connection.setup.timeout.ms = 10000
	ssl.cipher.suites = []
	ssl.enabled.protocols = [TLSv1.2, TLSv1.3]
	ssl.endpoint.identification.algorithm = https
	ssl.engine.factory.class = null
	ssl.key.password = null
	ssl.keymanager.algorithm = SunX509
	ssl.keystore.certificate.chain = null
	ssl.keystore.key = null
	ssl.keystore.location = null
	ssl.keystore.password = null
	ssl.keystore.type = JKS
	ssl.protocol = TLSv1.3
	ssl.provider = null
	ssl.secure.random.implementation = null
	ssl.trustmanager.algorithm = PKIX
	ssl.truststore.certificates = null
	ssl.truststore.location = null
	ssl.truststore.password = null
	ssl.truststore.type = JKS
	value.deserializer = class org.apache.kafka.common.serialization.StringDeserializer

2026-08-13T21:47:52.547+09:00  INFO 12363 --- [game-history-lab] [           main] o.a.k.c.t.i.KafkaMetricsCollector        : initializing Kafka metrics collector
2026-08-13T21:47:52.666+09:00  INFO 12363 --- [game-history-lab] [           main] o.a.kafka.common.utils.AppInfoParser     : Kafka version: 4.2.1
2026-08-13T21:47:52.666+09:00  INFO 12363 --- [game-history-lab] [           main] o.a.kafka.common.utils.AppInfoParser     : Kafka commitId: 92f61c44867f39dc
2026-08-13T21:47:52.666+09:00  INFO 12363 --- [game-history-lab] [           main] o.a.kafka.common.utils.AppInfoParser     : Kafka startTimeMs: 1786625272665
2026-08-13T21:47:52.670+09:00  INFO 12363 --- [game-history-lab] [           main] o.a.k.c.c.i.ClassicKafkaConsumer         : [Consumer clientId=consumer-stage5-failure-evidence-20260813T124200Z-1, groupId=stage5-failure-evidence-20260813T124200Z] Subscribed to topic(s): game-history.game_history_lab.games, game-history.game_history_lab.rounds, game-history.game_history_lab.round_scores
2026-08-13T21:47:52.684+09:00  INFO 12363 --- [game-history-lab] [           main] l.g.GameHistoryLabApplicationKt          : Started GameHistoryLabApplicationKt in 1.965 seconds (process running for 2.335)
2026-08-13T21:47:52.967+09:00  INFO 12363 --- [game-history-lab] [ntainer#0-0-C-1] org.apache.kafka.clients.Metadata        : [Consumer clientId=consumer-stage5-failure-evidence-20260813T124200Z-1, groupId=stage5-failure-evidence-20260813T124200Z] Cluster ID: 5L6g3nShT-eMCtK--X86sw
2026-08-13T21:47:52.969+09:00  INFO 12363 --- [game-history-lab] [ntainer#0-0-C-1] o.a.k.c.c.internals.ConsumerCoordinator  : [Consumer clientId=consumer-stage5-failure-evidence-20260813T124200Z-1, groupId=stage5-failure-evidence-20260813T124200Z] Discovered group coordinator localhost:29092 (id: 2147483646 rack: null isFenced: false)
2026-08-13T21:47:52.971+09:00  INFO 12363 --- [game-history-lab] [ntainer#0-0-C-1] o.a.k.c.c.internals.ConsumerCoordinator  : [Consumer clientId=consumer-stage5-failure-evidence-20260813T124200Z-1, groupId=stage5-failure-evidence-20260813T124200Z] (Re-)joining group
2026-08-13T21:47:52.983+09:00  INFO 12363 --- [game-history-lab] [ntainer#0-0-C-1] o.a.k.c.c.internals.ConsumerCoordinator  : [Consumer clientId=consumer-stage5-failure-evidence-20260813T124200Z-1, groupId=stage5-failure-evidence-20260813T124200Z] Request joining group due to: need to re-join with the given member-id: consumer-stage5-failure-evidence-20260813T124200Z-1-bceb4965-4d4e-4c25-a1c7-f43259e76be4
2026-08-13T21:47:52.984+09:00  INFO 12363 --- [game-history-lab] [ntainer#0-0-C-1] o.a.k.c.c.internals.ConsumerCoordinator  : [Consumer clientId=consumer-stage5-failure-evidence-20260813T124200Z-1, groupId=stage5-failure-evidence-20260813T124200Z] (Re-)joining group
2026-08-13T21:47:52.988+09:00  INFO 12363 --- [game-history-lab] [ntainer#0-0-C-1] o.a.k.c.c.internals.ConsumerCoordinator  : [Consumer clientId=consumer-stage5-failure-evidence-20260813T124200Z-1, groupId=stage5-failure-evidence-20260813T124200Z] Successfully joined group with generation Generation{generationId=3, memberId='consumer-stage5-failure-evidence-20260813T124200Z-1-bceb4965-4d4e-4c25-a1c7-f43259e76be4', protocol='range'}
2026-08-13T21:47:52.993+09:00  INFO 12363 --- [game-history-lab] [ntainer#0-0-C-1] o.a.k.c.c.internals.ConsumerCoordinator  : [Consumer clientId=consumer-stage5-failure-evidence-20260813T124200Z-1, groupId=stage5-failure-evidence-20260813T124200Z] Finished assignment for group at generation 3: {consumer-stage5-failure-evidence-20260813T124200Z-1-bceb4965-4d4e-4c25-a1c7-f43259e76be4=Assignment(partitions=[game-history.game_history_lab.round_scores-0, game-history.game_history_lab.games-0, game-history.game_history_lab.rounds-0])}
2026-08-13T21:47:53.006+09:00  INFO 12363 --- [game-history-lab] [ntainer#0-0-C-1] o.a.k.c.c.internals.ConsumerCoordinator  : [Consumer clientId=consumer-stage5-failure-evidence-20260813T124200Z-1, groupId=stage5-failure-evidence-20260813T124200Z] Successfully synced group in generation Generation{generationId=3, memberId='consumer-stage5-failure-evidence-20260813T124200Z-1-bceb4965-4d4e-4c25-a1c7-f43259e76be4', protocol='range'}
2026-08-13T21:47:53.006+09:00  INFO 12363 --- [game-history-lab] [ntainer#0-0-C-1] o.a.k.c.c.internals.ConsumerCoordinator  : [Consumer clientId=consumer-stage5-failure-evidence-20260813T124200Z-1, groupId=stage5-failure-evidence-20260813T124200Z] Notifying assignor about the new Assignment(partitions=[game-history.game_history_lab.round_scores-0, game-history.game_history_lab.games-0, game-history.game_history_lab.rounds-0])
2026-08-13T21:47:53.009+09:00  INFO 12363 --- [game-history-lab] [ntainer#0-0-C-1] k.c.c.i.ConsumerRebalanceListenerInvoker : [Consumer clientId=consumer-stage5-failure-evidence-20260813T124200Z-1, groupId=stage5-failure-evidence-20260813T124200Z] Adding newly assigned partitions: [game-history.game_history_lab.games-0, game-history.game_history_lab.round_scores-0, game-history.game_history_lab.rounds-0]
2026-08-13T21:47:53.026+09:00  INFO 12363 --- [game-history-lab] [ntainer#0-0-C-1] o.a.k.c.c.internals.ConsumerUtils        : Setting offset for partition game-history.game_history_lab.round_scores-0 to the committed offset FetchPosition{offset=4, offsetEpoch=Optional.empty, currentLeader=LeaderAndEpoch{leader=Optional[localhost:29092 (id: 1 rack: null isFenced: false)], epoch=0}}
2026-08-13T21:47:53.029+09:00  INFO 12363 --- [game-history-lab] [ntainer#0-0-C-1] o.a.k.c.c.internals.ConsumerUtils        : Setting offset for partition game-history.game_history_lab.rounds-0 to the committed offset FetchPosition{offset=2, offsetEpoch=Optional.empty, currentLeader=LeaderAndEpoch{leader=Optional[localhost:29092 (id: 1 rack: null isFenced: false)], epoch=0}}
2026-08-13T21:47:53.029+09:00  INFO 12363 --- [game-history-lab] [ntainer#0-0-C-1] o.a.k.c.c.internals.ConsumerUtils        : Setting offset for partition game-history.game_history_lab.games-0 to the committed offset FetchPosition{offset=25, offsetEpoch=Optional.empty, currentLeader=LeaderAndEpoch{leader=Optional[localhost:29092 (id: 1 rack: null isFenced: false)], epoch=0}}
2026-08-13T21:47:53.030+09:00  INFO 12363 --- [game-history-lab] [ntainer#0-0-C-1] o.s.k.l.KafkaMessageListenerContainer    : stage5-failure-evidence-20260813T124200Z: partitions assigned: [game-history.game_history_lab.games-0, game-history.game_history_lab.round_scores-0, game-history.game_history_lab.rounds-0]
2026-08-13T21:47:53.098+09:00  INFO 12363 --- [game-history-lab] [ntainer#0-0-C-1] l.g.cdc.GameHistoryCdcConsumer           : STAGE5_CDC_APPLIED topic=game-history.game_history_lab.games partition=0 offset=25 table=games operation=u gameId=6786624814 sourceTsMs=1786625267000 receivedAtMs=1786625273079 visibleAtMs=1786625273098
2026-08-13T21:47:54.750+09:00  INFO 12363 --- [game-history-lab] [ntainer#0-0-C-1] k.c.c.i.ConsumerRebalanceListenerInvoker : [Consumer clientId=consumer-stage5-failure-evidence-20260813T124200Z-1, groupId=stage5-failure-evidence-20260813T124200Z] Revoke previously assigned partitions [game-history.game_history_lab.games-0, game-history.game_history_lab.round_scores-0, game-history.game_history_lab.rounds-0]
2026-08-13T21:47:54.751+09:00  INFO 12363 --- [game-history-lab] [ntainer#0-0-C-1] o.s.k.l.KafkaMessageListenerContainer    : stage5-failure-evidence-20260813T124200Z: partitions revoked: [game-history.game_history_lab.games-0, game-history.game_history_lab.round_scores-0, game-history.game_history_lab.rounds-0]
2026-08-13T21:47:54.752+09:00  INFO 12363 --- [game-history-lab] [ntainer#0-0-C-1] o.a.k.c.c.internals.ConsumerCoordinator  : [Consumer clientId=consumer-stage5-failure-evidence-20260813T124200Z-1, groupId=stage5-failure-evidence-20260813T124200Z] Member consumer-stage5-failure-evidence-20260813T124200Z-1-bceb4965-4d4e-4c25-a1c7-f43259e76be4 sending LeaveGroup request to coordinator localhost:29092 (id: 2147483646 rack: null isFenced: false) due to the consumer unsubscribed from all topics
2026-08-13T21:47:54.753+09:00  INFO 12363 --- [game-history-lab] [ntainer#0-0-C-1] o.a.k.c.c.internals.ConsumerCoordinator  : [Consumer clientId=consumer-stage5-failure-evidence-20260813T124200Z-1, groupId=stage5-failure-evidence-20260813T124200Z] Resetting generation and member id due to: consumer pro-actively leaving the group
2026-08-13T21:47:54.753+09:00  INFO 12363 --- [game-history-lab] [ntainer#0-0-C-1] o.a.k.c.c.internals.ConsumerCoordinator  : [Consumer clientId=consumer-stage5-failure-evidence-20260813T124200Z-1, groupId=stage5-failure-evidence-20260813T124200Z] Request joining group due to: consumer pro-actively leaving the group
2026-08-13T21:47:54.753+09:00  INFO 12363 --- [game-history-lab] [ntainer#0-0-C-1] o.a.k.c.c.i.ClassicKafkaConsumer         : [Consumer clientId=consumer-stage5-failure-evidence-20260813T124200Z-1, groupId=stage5-failure-evidence-20260813T124200Z] Unsubscribed all topics or patterns and assigned partitions
2026-08-13T21:47:54.756+09:00  INFO 12363 --- [game-history-lab] [ntainer#0-0-C-1] o.a.k.c.c.internals.ConsumerCoordinator  : [Consumer clientId=consumer-stage5-failure-evidence-20260813T124200Z-1, groupId=stage5-failure-evidence-20260813T124200Z] Resetting generation and member id due to: consumer pro-actively leaving the group
2026-08-13T21:47:54.756+09:00  INFO 12363 --- [game-history-lab] [ntainer#0-0-C-1] o.a.k.c.c.internals.ConsumerCoordinator  : [Consumer clientId=consumer-stage5-failure-evidence-20260813T124200Z-1, groupId=stage5-failure-evidence-20260813T124200Z] Request joining group due to: consumer pro-actively leaving the group
2026-08-13T21:47:55.085+09:00  INFO 12363 --- [game-history-lab] [ntainer#0-0-C-1] o.apache.kafka.common.metrics.Metrics    : Metrics scheduler closed
2026-08-13T21:47:55.086+09:00  INFO 12363 --- [game-history-lab] [ntainer#0-0-C-1] o.apache.kafka.common.metrics.Metrics    : Closing reporter org.apache.kafka.common.metrics.JmxReporter
2026-08-13T21:47:55.086+09:00  INFO 12363 --- [game-history-lab] [ntainer#0-0-C-1] o.apache.kafka.common.metrics.Metrics    : Closing reporter org.apache.kafka.common.telemetry.internals.ClientTelemetryReporter
2026-08-13T21:47:55.086+09:00  INFO 12363 --- [game-history-lab] [ntainer#0-0-C-1] o.apache.kafka.common.metrics.Metrics    : Metrics reporters closed
2026-08-13T21:47:55.097+09:00  INFO 12363 --- [game-history-lab] [ntainer#0-0-C-1] o.a.kafka.common.utils.AppInfoParser     : App info kafka.consumer for consumer-stage5-failure-evidence-20260813T124200Z-1 unregistered
2026-08-13T21:47:55.098+09:00  INFO 12363 --- [game-history-lab] [ntainer#0-0-C-1] o.s.k.l.KafkaMessageListenerContainer    : stage5-failure-evidence-20260813T124200Z: Consumer stopped
2026-08-13T21:47:55.100+09:00  INFO 12363 --- [game-history-lab] [ionShutdownHook] com.zaxxer.hikari.HikariDataSource       : HikariPool-1 - Shutdown initiated...
2026-08-13T21:47:55.105+09:00  INFO 12363 --- [game-history-lab] [ionShutdownHook] com.zaxxer.hikari.HikariDataSource       : HikariPool-1 - Shutdown completed.
