
  .   ____          _            __ _ _
 /\\ / ___'_ __ _ _(_)_ __  __ _ \ \ \ \
( ( )\___ | '_ | '_| | '_ \/ _` | \ \ \ \
 \\/  ___)| |_)| | | | | || (_| |  ) ) ) )
  '  |____| .__|_| |_|_| |_\__, | / / / /
 =========|_|==============|___/=/_/_/_/

 :: Spring Boot ::                (v4.1.0)

2026-08-13T21:40:21.058+09:00  INFO 6201 --- [game-history-lab] [           main] l.g.GameHistoryLabApplicationKt          : Starting GameHistoryLabApplicationKt v0.0.1-SNAPSHOT using Java 21.0.5 with PID 6201 (/Users/hongseungjun/이직/project/game-history-lab/build/libs/game-history-lab-0.0.1-SNAPSHOT.jar started by hongseungjun in /Users/hongseungjun/이직/project/game-history-lab)
2026-08-13T21:40:21.061+09:00  INFO 6201 --- [game-history-lab] [           main] l.g.GameHistoryLabApplicationKt          : No active profile set, falling back to 1 default profile: "default"
2026-08-13T21:40:22.153+09:00  INFO 6201 --- [game-history-lab] [           main] com.zaxxer.hikari.HikariDataSource       : HikariPool-1 - Starting...
2026-08-13T21:40:22.498+09:00  INFO 6201 --- [game-history-lab] [           main] com.zaxxer.hikari.pool.HikariPool        : HikariPool-1 - Added connection com.mysql.cj.jdbc.ConnectionImpl@2dcd0e41
2026-08-13T21:40:22.500+09:00  INFO 6201 --- [game-history-lab] [           main] com.zaxxer.hikari.HikariDataSource       : HikariPool-1 - Start completed.
2026-08-13T21:40:22.909+09:00  WARN 6201 --- [game-history-lab] [           main] o.s.b.c.l.AbstractListenerFactoryBean    : org.springframework.batch.infrastructure.item.ItemProcessor is an interface. The implementing class will not be queried for annotation based listener configurations. If using @StepScope on a @Bean method, be sure to return the implementing class so listener annotations can be used.
2026-08-13T21:40:22.922+09:00  INFO 6201 --- [game-history-lab] [           main] o.s.b.c.step.item.ChunkOrientedTasklet   : DEPRECATION NOTE: The legacy implementation of the chunk-oriented processing model is deprecated as of Spring Batch 6.0 and will be removed in version 7.0.
2026-08-13T21:40:22.939+09:00  WARN 6201 --- [game-history-lab] [           main] o.s.b.c.l.AbstractListenerFactoryBean    : org.springframework.batch.infrastructure.item.ItemProcessor is an interface. The implementing class will not be queried for annotation based listener configurations. If using @StepScope on a @Bean method, be sure to return the implementing class so listener annotations can be used.
2026-08-13T21:40:22.939+09:00  INFO 6201 --- [game-history-lab] [           main] o.s.b.c.step.item.ChunkOrientedTasklet   : DEPRECATION NOTE: The legacy implementation of the chunk-oriented processing model is deprecated as of Spring Batch 6.0 and will be removed in version 7.0.
2026-08-13T21:40:23.116+09:00  INFO 6201 --- [game-history-lab] [           main] o.a.kafka.common.config.AbstractConfig   : ConsumerConfig values: 
	allow.auto.create.topics = true
	auto.commit.interval.ms = 5000
	auto.offset.reset = latest
	bootstrap.servers = [localhost:29092]
	check.crcs = true
	client.dns.lookup = use_all_dns_ips
	client.id = consumer-stage5-main-20260813T124200Z-1
	client.rack = 
	config.providers = []
	connections.max.idle.ms = 540000
	default.api.timeout.ms = 60000
	enable.auto.commit = false
	enable.metrics.push = true
	exclude.internal.topics = true
	fetch.max.bytes = 52428800
	fetch.max.wait.ms = 500
	fetch.min.bytes = 1
	group.id = stage5-main-20260813T124200Z
	group.instance.id = null
	group.protocol = classic
	group.remote.assignor = null
	heartbeat.interval.ms = 3000
	interceptor.classes = []
	internal.throw.on.fetch.stable.offset.unsupported = false
	isolation.level = read_uncommitted
	key.deserializer = class org.apache.kafka.common.serialization.StringDeserializer
	max.partition.fetch.bytes = 1048576
	max.poll.interval.ms = 300000
	max.poll.records = 500
	metadata.max.age.ms = 300000
	metadata.recovery.rebootstrap.trigger.ms = 300000
	metadata.recovery.strategy = rebootstrap
	metric.reporters = [org.apache.kafka.common.metrics.JmxReporter]
	metrics.num.samples = 2
	metrics.recording.level = INFO
	metrics.sample.window.ms = 30000
	partition.assignment.strategy = [class org.apache.kafka.clients.consumer.RangeAssignor, class org.apache.kafka.clients.consumer.CooperativeStickyAssignor]
	receive.buffer.bytes = 65536
	reconnect.backoff.max.ms = 1000
	reconnect.backoff.ms = 50
	request.timeout.ms = 30000
	retry.backoff.max.ms = 1000
	retry.backoff.ms = 100
	sasl.client.callback.handler.class = null
	sasl.jaas.config = null
	sasl.kerberos.kinit.cmd = /usr/bin/kinit
	sasl.kerberos.min.time.before.relogin = 60000
	sasl.kerberos.service.name = null
	sasl.kerberos.ticket.renew.jitter = 0.05
	sasl.kerberos.ticket.renew.window.factor = 0.8
	sasl.login.callback.handler.class = null
	sasl.login.class = null
	sasl.login.connect.timeout.ms = null
	sasl.login.read.timeout.ms = null
	sasl.login.refresh.buffer.seconds = 300
	sasl.login.refresh.min.period.seconds = 60
	sasl.login.refresh.window.factor = 0.8
	sasl.login.refresh.window.jitter = 0.05
	sasl.login.retry.backoff.max.ms = 10000
	sasl.login.retry.backoff.ms = 100
	sasl.mechanism = GSSAPI
	sasl.oauthbearer.assertion.algorithm = RS256
	sasl.oauthbearer.assertion.claim.aud = null
	sasl.oauthbearer.assertion.claim.exp.seconds = 300
	sasl.oauthbearer.assertion.claim.iss = null
	sasl.oauthbearer.assertion.claim.jti.include = false
	sasl.oauthbearer.assertion.claim.nbf.seconds = 60
	sasl.oauthbearer.assertion.claim.sub = null
	sasl.oauthbearer.assertion.file = null
	sasl.oauthbearer.assertion.private.key.file = null
	sasl.oauthbearer.assertion.private.key.passphrase = null
	sasl.oauthbearer.assertion.template.file = null
	sasl.oauthbearer.client.credentials.client.id = null
	sasl.oauthbearer.client.credentials.client.secret = null
	sasl.oauthbearer.clock.skew.seconds = 30
	sasl.oauthbearer.expected.audience = []
	sasl.oauthbearer.expected.issuer = null
	sasl.oauthbearer.header.urlencode = false
	sasl.oauthbearer.jwks.endpoint.refresh.ms = 3600000
	sasl.oauthbearer.jwks.endpoint.retry.backoff.max.ms = 10000
	sasl.oauthbearer.jwks.endpoint.retry.backoff.ms = 100
	sasl.oauthbearer.jwks.endpoint.url = null
	sasl.oauthbearer.jwt.retriever.class = class org.apache.kafka.common.security.oauthbearer.DefaultJwtRetriever
	sasl.oauthbearer.jwt.validator.class = class org.apache.kafka.common.security.oauthbearer.DefaultJwtValidator
	sasl.oauthbearer.scope = null
	sasl.oauthbearer.scope.claim.name = scope
	sasl.oauthbearer.sub.claim.name = sub
	sasl.oauthbearer.token.endpoint.url = null
	security.protocol = PLAINTEXT
	security.providers = null
	send.buffer.bytes = 131072
	session.timeout.ms = 45000
	share.acknowledgement.mode = implicit
	share.acquire.mode = BATCH_OPTIMIZED
	socket.connection.setup.timeout.max.ms = 30000
	socket.connection.setup.timeout.ms = 10000
	ssl.cipher.suites = []
	ssl.enabled.protocols = [TLSv1.2, TLSv1.3]
	ssl.endpoint.identification.algorithm = https
	ssl.engine.factory.class = null
	ssl.key.password = null
	ssl.keymanager.algorithm = SunX509
	ssl.keystore.certificate.chain = null
	ssl.keystore.key = null
	ssl.keystore.location = null
	ssl.keystore.password = null
	ssl.keystore.type = JKS
	ssl.protocol = TLSv1.3
	ssl.provider = null
	ssl.secure.random.implementation = null
	ssl.trustmanager.algorithm = PKIX
	ssl.truststore.certificates = null
	ssl.truststore.location = null
	ssl.truststore.password = null
	ssl.truststore.type = JKS
	value.deserializer = class org.apache.kafka.common.serialization.StringDeserializer

2026-08-13T21:40:23.145+09:00  INFO 6201 --- [game-history-lab] [           main] o.a.k.c.t.i.KafkaMetricsCollector        : initializing Kafka metrics collector
2026-08-13T21:40:23.253+09:00  INFO 6201 --- [game-history-lab] [           main] o.a.kafka.common.utils.AppInfoParser     : Kafka version: 4.2.1
2026-08-13T21:40:23.253+09:00  INFO 6201 --- [game-history-lab] [           main] o.a.kafka.common.utils.AppInfoParser     : Kafka commitId: 92f61c44867f39dc
2026-08-13T21:40:23.253+09:00  INFO 6201 --- [game-history-lab] [           main] o.a.kafka.common.utils.AppInfoParser     : Kafka startTimeMs: 1786624823253
2026-08-13T21:40:23.255+09:00  INFO 6201 --- [game-history-lab] [           main] o.a.k.c.c.i.ClassicKafkaConsumer         : [Consumer clientId=consumer-stage5-main-20260813T124200Z-1, groupId=stage5-main-20260813T124200Z] Subscribed to topic(s): game-history.game_history_lab.games, game-history.game_history_lab.rounds, game-history.game_history_lab.round_scores
2026-08-13T21:40:23.263+09:00  INFO 6201 --- [game-history-lab] [           main] l.g.GameHistoryLabApplicationKt          : Started GameHistoryLabApplicationKt in 2.527 seconds (process running for 2.975)
2026-08-13T21:40:23.469+09:00  WARN 6201 --- [game-history-lab] [ntainer#0-0-C-1] org.apache.kafka.clients.NetworkClient   : [Consumer clientId=consumer-stage5-main-20260813T124200Z-1, groupId=stage5-main-20260813T124200Z] The metadata response from the cluster reported a recoverable issue with correlation id 2 : {game-history.game_history_lab.round_scores=UNKNOWN_TOPIC_OR_PARTITION, game-history.game_history_lab.games=UNKNOWN_TOPIC_OR_PARTITION, game-history.game_history_lab.rounds=UNKNOWN_TOPIC_OR_PARTITION}
2026-08-13T21:40:23.469+09:00  INFO 6201 --- [game-history-lab] [ntainer#0-0-C-1] org.apache.kafka.clients.Metadata        : [Consumer clientId=consumer-stage5-main-20260813T124200Z-1, groupId=stage5-main-20260813T124200Z] Cluster ID: 5L6g3nShT-eMCtK--X86sw
2026-08-13T21:40:23.471+09:00  INFO 6201 --- [game-history-lab] [ntainer#0-0-C-1] o.a.k.c.c.internals.ConsumerCoordinator  : [Consumer clientId=consumer-stage5-main-20260813T124200Z-1, groupId=stage5-main-20260813T124200Z] Discovered group coordinator localhost:29092 (id: 2147483646 rack: null isFenced: false)
2026-08-13T21:40:23.472+09:00  INFO 6201 --- [game-history-lab] [ntainer#0-0-C-1] o.a.k.c.c.internals.ConsumerCoordinator  : [Consumer clientId=consumer-stage5-main-20260813T124200Z-1, groupId=stage5-main-20260813T124200Z] (Re-)joining group
2026-08-13T21:40:23.482+09:00  INFO 6201 --- [game-history-lab] [ntainer#0-0-C-1] o.a.k.c.c.internals.ConsumerCoordinator  : [Consumer clientId=consumer-stage5-main-20260813T124200Z-1, groupId=stage5-main-20260813T124200Z] Request joining group due to: need to re-join with the given member-id: consumer-stage5-main-20260813T124200Z-1-6f3c5fb6-a49c-45ac-9ff3-23cc299d3188
2026-08-13T21:40:23.483+09:00  INFO 6201 --- [game-history-lab] [ntainer#0-0-C-1] o.a.k.c.c.internals.ConsumerCoordinator  : [Consumer clientId=consumer-stage5-main-20260813T124200Z-1, groupId=stage5-main-20260813T124200Z] (Re-)joining group
2026-08-13T21:40:23.486+09:00  INFO 6201 --- [game-history-lab] [ntainer#0-0-C-1] o.a.k.c.c.internals.ConsumerCoordinator  : [Consumer clientId=consumer-stage5-main-20260813T124200Z-1, groupId=stage5-main-20260813T124200Z] Successfully joined group with generation Generation{generationId=1, memberId='consumer-stage5-main-20260813T124200Z-1-6f3c5fb6-a49c-45ac-9ff3-23cc299d3188', protocol='range'}
2026-08-13T21:40:23.589+09:00  INFO 6201 --- [game-history-lab] [ntainer#0-0-C-1] o.a.k.c.c.internals.ConsumerCoordinator  : [Consumer clientId=consumer-stage5-main-20260813T124200Z-1, groupId=stage5-main-20260813T124200Z] Finished assignment for group at generation 1: {consumer-stage5-main-20260813T124200Z-1-6f3c5fb6-a49c-45ac-9ff3-23cc299d3188=Assignment(partitions=[game-history.game_history_lab.round_scores-0, game-history.game_history_lab.games-0, game-history.game_history_lab.rounds-0])}
2026-08-13T21:40:23.601+09:00  INFO 6201 --- [game-history-lab] [ntainer#0-0-C-1] o.a.k.c.c.internals.ConsumerCoordinator  : [Consumer clientId=consumer-stage5-main-20260813T124200Z-1, groupId=stage5-main-20260813T124200Z] Successfully synced group in generation Generation{generationId=1, memberId='consumer-stage5-main-20260813T124200Z-1-6f3c5fb6-a49c-45ac-9ff3-23cc299d3188', protocol='range'}
2026-08-13T21:40:23.601+09:00  INFO 6201 --- [game-history-lab] [ntainer#0-0-C-1] o.a.k.c.c.internals.ConsumerCoordinator  : [Consumer clientId=consumer-stage5-main-20260813T124200Z-1, groupId=stage5-main-20260813T124200Z] Notifying assignor about the new Assignment(partitions=[game-history.game_history_lab.round_scores-0, game-history.game_history_lab.games-0, game-history.game_history_lab.rounds-0])
2026-08-13T21:40:23.602+09:00  INFO 6201 --- [game-history-lab] [ntainer#0-0-C-1] k.c.c.i.ConsumerRebalanceListenerInvoker : [Consumer clientId=consumer-stage5-main-20260813T124200Z-1, groupId=stage5-main-20260813T124200Z] Adding newly assigned partitions: [game-history.game_history_lab.games-0, game-history.game_history_lab.round_scores-0, game-history.game_history_lab.rounds-0]
2026-08-13T21:40:23.612+09:00  INFO 6201 --- [game-history-lab] [ntainer#0-0-C-1] o.a.k.c.c.internals.ConsumerCoordinator  : [Consumer clientId=consumer-stage5-main-20260813T124200Z-1, groupId=stage5-main-20260813T124200Z] Found no committed offset for partition game-history.game_history_lab.round_scores-0
2026-08-13T21:40:23.612+09:00  INFO 6201 --- [game-history-lab] [ntainer#0-0-C-1] o.a.k.c.c.internals.ConsumerCoordinator  : [Consumer clientId=consumer-stage5-main-20260813T124200Z-1, groupId=stage5-main-20260813T124200Z] Found no committed offset for partition game-history.game_history_lab.games-0
2026-08-13T21:40:23.612+09:00  INFO 6201 --- [game-history-lab] [ntainer#0-0-C-1] o.a.k.c.c.internals.ConsumerCoordinator  : [Consumer clientId=consumer-stage5-main-20260813T124200Z-1, groupId=stage5-main-20260813T124200Z] Found no committed offset for partition game-history.game_history_lab.rounds-0
2026-08-13T21:40:23.615+09:00  INFO 6201 --- [game-history-lab] [ntainer#0-0-C-1] o.a.k.c.c.internals.ConsumerCoordinator  : [Consumer clientId=consumer-stage5-main-20260813T124200Z-1, groupId=stage5-main-20260813T124200Z] Found no committed offset for partition game-history.game_history_lab.round_scores-0
2026-08-13T21:40:23.615+09:00  INFO 6201 --- [game-history-lab] [ntainer#0-0-C-1] o.a.k.c.c.internals.ConsumerCoordinator  : [Consumer clientId=consumer-stage5-main-20260813T124200Z-1, groupId=stage5-main-20260813T124200Z] Found no committed offset for partition game-history.game_history_lab.games-0
2026-08-13T21:40:23.615+09:00  INFO 6201 --- [game-history-lab] [ntainer#0-0-C-1] o.a.k.c.c.internals.ConsumerCoordinator  : [Consumer clientId=consumer-stage5-main-20260813T124200Z-1, groupId=stage5-main-20260813T124200Z] Found no committed offset for partition game-history.game_history_lab.rounds-0
2026-08-13T21:40:23.622+09:00  INFO 6201 --- [game-history-lab] [ntainer#0-0-C-1] o.a.k.c.c.internals.SubscriptionState    : [Consumer clientId=consumer-stage5-main-20260813T124200Z-1, groupId=stage5-main-20260813T124200Z] Resetting offset for partition game-history.game_history_lab.round_scores-0 to position FetchPosition{offset=0, offsetEpoch=Optional.empty, currentLeader=LeaderAndEpoch{leader=Optional[localhost:29092 (id: 1 rack: null isFenced: false)], epoch=0}}.
2026-08-13T21:40:23.622+09:00  INFO 6201 --- [game-history-lab] [ntainer#0-0-C-1] o.a.k.c.c.internals.SubscriptionState    : [Consumer clientId=consumer-stage5-main-20260813T124200Z-1, groupId=stage5-main-20260813T124200Z] Resetting offset for partition game-history.game_history_lab.rounds-0 to position FetchPosition{offset=0, offsetEpoch=Optional.empty, currentLeader=LeaderAndEpoch{leader=Optional[localhost:29092 (id: 1 rack: null isFenced: false)], epoch=0}}.
2026-08-13T21:40:23.622+09:00  INFO 6201 --- [game-history-lab] [ntainer#0-0-C-1] o.a.k.c.c.internals.SubscriptionState    : [Consumer clientId=consumer-stage5-main-20260813T124200Z-1, groupId=stage5-main-20260813T124200Z] Resetting offset for partition game-history.game_history_lab.games-0 to position FetchPosition{offset=0, offsetEpoch=Optional.empty, currentLeader=LeaderAndEpoch{leader=Optional[localhost:29092 (id: 1 rack: null isFenced: false)], epoch=0}}.
2026-08-13T21:40:23.644+09:00  INFO 6201 --- [game-history-lab] [ntainer#0-0-C-1] o.s.k.l.KafkaMessageListenerContainer    : stage5-main-20260813T124200Z: partitions assigned: [game-history.game_history_lab.games-0, game-history.game_history_lab.round_scores-0, game-history.game_history_lab.rounds-0]
2026-08-13T21:40:34.868+09:00  INFO 6201 --- [game-history-lab] [ntainer#0-0-C-1] l.g.cdc.GameHistoryCdcConsumer           : STAGE5_CDC_APPLIED topic=game-history.game_history_lab.games partition=0 offset=0 table=games operation=c gameId=6786624813 sourceTsMs=1786624834000 receivedAtMs=1786624834842 visibleAtMs=1786624834867
2026-08-13T21:40:34.911+09:00  INFO 6201 --- [game-history-lab] [ntainer#0-0-C-1] l.g.cdc.GameHistoryCdcConsumer           : STAGE5_CDC_APPLIED topic=game-history.game_history_lab.round_scores partition=0 offset=0 table=round_scores operation=c gameId=6786624813 sourceTsMs=1786624834000 receivedAtMs=1786624834905 visibleAtMs=1786624834910
2026-08-13T21:40:34.931+09:00  INFO 6201 --- [game-history-lab] [ntainer#0-0-C-1] l.g.cdc.GameHistoryCdcConsumer           : STAGE5_CDC_APPLIED topic=game-history.game_history_lab.rounds partition=0 offset=0 table=rounds operation=c gameId=6786624813 sourceTsMs=1786624834000 receivedAtMs=1786624834928 visibleAtMs=1786624834931
2026-08-13T21:40:35.302+09:00  INFO 6201 --- [game-history-lab] [ntainer#0-0-C-1] l.g.cdc.GameHistoryCdcConsumer           : STAGE5_CDC_APPLIED topic=game-history.game_history_lab.games partition=0 offset=1 table=games operation=u gameId=6786624813 sourceTsMs=1786624835000 receivedAtMs=1786624835297 visibleAtMs=1786624835302
2026-08-13T21:40:35.810+09:00  INFO 6201 --- [game-history-lab] [ntainer#0-0-C-1] l.g.cdc.GameHistoryCdcConsumer           : STAGE5_CDC_APPLIED topic=game-history.game_history_lab.rounds partition=0 offset=1 table=rounds operation=c gameId=6786624813 sourceTsMs=1786624835000 receivedAtMs=1786624835801 visibleAtMs=1786624835810
2026-08-13T21:40:36.305+09:00  INFO 6201 --- [game-history-lab] [ntainer#0-0-C-1] l.g.cdc.GameHistoryCdcConsumer           : STAGE5_CDC_APPLIED topic=game-history.game_history_lab.round_scores partition=0 offset=1 table=round_scores operation=c gameId=6786624813 sourceTsMs=1786624836000 receivedAtMs=1786624836301 visibleAtMs=1786624836305
2026-08-13T21:40:36.320+09:00  INFO 6201 --- [game-history-lab] [ntainer#0-0-C-1] l.g.cdc.GameHistoryCdcConsumer           : STAGE5_CDC_APPLIED topic=game-history.game_history_lab.round_scores partition=0 offset=2 table=round_scores operation=u gameId=6786624813 sourceTsMs=1786624836000 receivedAtMs=1786624836318 visibleAtMs=1786624836320
2026-08-13T21:40:36.818+09:00  INFO 6201 --- [game-history-lab] [ntainer#0-0-C-1] l.g.cdc.GameHistoryCdcConsumer           : STAGE5_CDC_APPLIED topic=game-history.game_history_lab.round_scores partition=0 offset=3 table=round_scores operation=u gameId=6786624813 sourceTsMs=1786624836000 receivedAtMs=1786624836809 visibleAtMs=1786624836818
2026-08-13T21:40:36.857+09:00  INFO 6201 --- [game-history-lab] [ntainer#0-0-C-1] l.g.cdc.GameHistoryCdcConsumer           : STAGE5_CDC_APPLIED topic=game-history.game_history_lab.games partition=0 offset=2 table=games operation=u gameId=6786624813 sourceTsMs=1786624836000 receivedAtMs=1786624836850 visibleAtMs=1786624836857
2026-08-13T21:40:36.874+09:00  INFO 6201 --- [game-history-lab] [ntainer#0-0-C-1] l.g.cdc.GameHistoryCdcConsumer           : STAGE5_CDC_APPLIED topic=game-history.game_history_lab.games partition=0 offset=3 table=games operation=u gameId=6786624813 sourceTsMs=1786624836000 receivedAtMs=1786624836871 visibleAtMs=1786624836874
2026-08-13T21:40:37.310+09:00  INFO 6201 --- [game-history-lab] [ntainer#0-0-C-1] l.g.cdc.GameHistoryCdcConsumer           : STAGE5_CDC_APPLIED topic=game-history.game_history_lab.games partition=0 offset=4 table=games operation=u gameId=6786624813 sourceTsMs=1786624836000 receivedAtMs=1786624837306 visibleAtMs=1786624837310
2026-08-13T21:40:37.810+09:00  INFO 6201 --- [game-history-lab] [ntainer#0-0-C-1] l.g.cdc.GameHistoryCdcConsumer           : STAGE5_CDC_APPLIED topic=game-history.game_history_lab.games partition=0 offset=5 table=games operation=u gameId=6786624813 sourceTsMs=1786624837000 receivedAtMs=1786624837807 visibleAtMs=1786624837810
2026-08-13T21:40:38.310+09:00  INFO 6201 --- [game-history-lab] [ntainer#0-0-C-1] l.g.cdc.GameHistoryCdcConsumer           : STAGE5_CDC_APPLIED topic=game-history.game_history_lab.games partition=0 offset=6 table=games operation=u gameId=6786624813 sourceTsMs=1786624838000 receivedAtMs=1786624838307 visibleAtMs=1786624838310
2026-08-13T21:40:38.812+09:00  INFO 6201 --- [game-history-lab] [ntainer#0-0-C-1] l.g.cdc.GameHistoryCdcConsumer           : STAGE5_CDC_APPLIED topic=game-history.game_history_lab.games partition=0 offset=7 table=games operation=u gameId=6786624813 sourceTsMs=1786624838000 receivedAtMs=1786624838808 visibleAtMs=1786624838812
2026-08-13T21:40:39.323+09:00  INFO 6201 --- [game-history-lab] [ntainer#0-0-C-1] l.g.cdc.GameHistoryCdcConsumer           : STAGE5_CDC_APPLIED topic=game-history.game_history_lab.games partition=0 offset=8 table=games operation=u gameId=6786624813 sourceTsMs=1786624838000 receivedAtMs=1786624839312 visibleAtMs=1786624839323
2026-08-13T21:40:39.819+09:00  INFO 6201 --- [game-history-lab] [ntainer#0-0-C-1] l.g.cdc.GameHistoryCdcConsumer           : STAGE5_CDC_APPLIED topic=game-history.game_history_lab.games partition=0 offset=9 table=games operation=u gameId=6786624813 sourceTsMs=1786624839000 receivedAtMs=1786624839812 visibleAtMs=1786624839819
2026-08-13T21:40:40.318+09:00  INFO 6201 --- [game-history-lab] [ntainer#0-0-C-1] l.g.cdc.GameHistoryCdcConsumer           : STAGE5_CDC_APPLIED topic=game-history.game_history_lab.games partition=0 offset=10 table=games operation=u gameId=6786624813 sourceTsMs=1786624839000 receivedAtMs=1786624840314 visibleAtMs=1786624840318
2026-08-13T21:40:40.820+09:00  INFO 6201 --- [game-history-lab] [ntainer#0-0-C-1] l.g.cdc.GameHistoryCdcConsumer           : STAGE5_CDC_APPLIED topic=game-history.game_history_lab.games partition=0 offset=11 table=games operation=u gameId=6786624813 sourceTsMs=1786624840000 receivedAtMs=1786624840815 visibleAtMs=1786624840820
2026-08-13T21:40:41.343+09:00  INFO 6201 --- [game-history-lab] [ntainer#0-0-C-1] l.g.cdc.GameHistoryCdcConsumer           : STAGE5_CDC_APPLIED topic=game-history.game_history_lab.games partition=0 offset=12 table=games operation=u gameId=6786624813 sourceTsMs=1786624840000 receivedAtMs=1786624841336 visibleAtMs=1786624841343
2026-08-13T21:40:41.848+09:00  INFO 6201 --- [game-history-lab] [ntainer#0-0-C-1] l.g.cdc.GameHistoryCdcConsumer           : STAGE5_CDC_APPLIED topic=game-history.game_history_lab.games partition=0 offset=13 table=games operation=u gameId=6786624813 sourceTsMs=1786624841000 receivedAtMs=1786624841837 visibleAtMs=1786624841848
2026-08-13T21:40:42.340+09:00  INFO 6201 --- [game-history-lab] [ntainer#0-0-C-1] l.g.cdc.GameHistoryCdcConsumer           : STAGE5_CDC_APPLIED topic=game-history.game_history_lab.games partition=0 offset=14 table=games operation=u gameId=6786624813 sourceTsMs=1786624842000 receivedAtMs=1786624842334 visibleAtMs=1786624842340
2026-08-13T21:40:42.842+09:00  INFO 6201 --- [game-history-lab] [ntainer#0-0-C-1] l.g.cdc.GameHistoryCdcConsumer           : STAGE5_CDC_APPLIED topic=game-history.game_history_lab.games partition=0 offset=15 table=games operation=u gameId=6786624813 sourceTsMs=1786624842000 receivedAtMs=1786624842839 visibleAtMs=1786624842842
2026-08-13T21:40:43.344+09:00  INFO 6201 --- [game-history-lab] [ntainer#0-0-C-1] l.g.cdc.GameHistoryCdcConsumer           : STAGE5_CDC_APPLIED topic=game-history.game_history_lab.games partition=0 offset=16 table=games operation=u gameId=6786624813 sourceTsMs=1786624843000 receivedAtMs=1786624843339 visibleAtMs=1786624843344
2026-08-13T21:40:43.851+09:00  INFO 6201 --- [game-history-lab] [ntainer#0-0-C-1] l.g.cdc.GameHistoryCdcConsumer           : STAGE5_CDC_APPLIED topic=game-history.game_history_lab.games partition=0 offset=17 table=games operation=u gameId=6786624813 sourceTsMs=1786624843000 receivedAtMs=1786624843840 visibleAtMs=1786624843851
2026-08-13T21:40:44.352+09:00  INFO 6201 --- [game-history-lab] [ntainer#0-0-C-1] l.g.cdc.GameHistoryCdcConsumer           : STAGE5_CDC_APPLIED topic=game-history.game_history_lab.games partition=0 offset=18 table=games operation=u gameId=6786624813 sourceTsMs=1786624844000 receivedAtMs=1786624844346 visibleAtMs=1786624844352
2026-08-13T21:40:44.859+09:00  INFO 6201 --- [game-history-lab] [ntainer#0-0-C-1] l.g.cdc.GameHistoryCdcConsumer           : STAGE5_CDC_APPLIED topic=game-history.game_history_lab.games partition=0 offset=19 table=games operation=u gameId=6786624813 sourceTsMs=1786624844000 receivedAtMs=1786624844848 visibleAtMs=1786624844859
2026-08-13T21:40:45.360+09:00  INFO 6201 --- [game-history-lab] [ntainer#0-0-C-1] l.g.cdc.GameHistoryCdcConsumer           : STAGE5_CDC_APPLIED topic=game-history.game_history_lab.games partition=0 offset=20 table=games operation=u gameId=6786624813 sourceTsMs=1786624845000 receivedAtMs=1786624845355 visibleAtMs=1786624845360
2026-08-13T21:40:45.864+09:00  INFO 6201 --- [game-history-lab] [ntainer#0-0-C-1] l.g.cdc.GameHistoryCdcConsumer           : STAGE5_CDC_APPLIED topic=game-history.game_history_lab.games partition=0 offset=21 table=games operation=u gameId=6786624813 sourceTsMs=1786624845000 receivedAtMs=1786624845853 visibleAtMs=1786624845864
2026-08-13T21:40:46.366+09:00  INFO 6201 --- [game-history-lab] [ntainer#0-0-C-1] l.g.cdc.GameHistoryCdcConsumer           : STAGE5_CDC_APPLIED topic=game-history.game_history_lab.games partition=0 offset=22 table=games operation=u gameId=6786624813 sourceTsMs=1786624846000 receivedAtMs=1786624846359 visibleAtMs=1786624846366
2026-08-13T21:40:46.863+09:00  INFO 6201 --- [game-history-lab] [ntainer#0-0-C-1] l.g.cdc.GameHistoryCdcConsumer           : STAGE5_CDC_APPLIED topic=game-history.game_history_lab.games partition=0 offset=23 table=games operation=u gameId=6786624813 sourceTsMs=1786624846000 receivedAtMs=1786624846854 visibleAtMs=1786624846863
2026-08-13T21:40:47.096+09:00  INFO 6201 --- [game-history-lab] [ntainer#0-0-C-1] k.c.c.i.ConsumerRebalanceListenerInvoker : [Consumer clientId=consumer-stage5-main-20260813T124200Z-1, groupId=stage5-main-20260813T124200Z] Revoke previously assigned partitions [game-history.game_history_lab.games-0, game-history.game_history_lab.round_scores-0, game-history.game_history_lab.rounds-0]
2026-08-13T21:40:47.096+09:00  INFO 6201 --- [game-history-lab] [ntainer#0-0-C-1] o.s.k.l.KafkaMessageListenerContainer    : stage5-main-20260813T124200Z: partitions revoked: [game-history.game_history_lab.games-0, game-history.game_history_lab.round_scores-0, game-history.game_history_lab.rounds-0]
2026-08-13T21:40:47.097+09:00  INFO 6201 --- [game-history-lab] [ntainer#0-0-C-1] o.a.k.c.c.internals.ConsumerCoordinator  : [Consumer clientId=consumer-stage5-main-20260813T124200Z-1, groupId=stage5-main-20260813T124200Z] Member consumer-stage5-main-20260813T124200Z-1-6f3c5fb6-a49c-45ac-9ff3-23cc299d3188 sending LeaveGroup request to coordinator localhost:29092 (id: 2147483646 rack: null isFenced: false) due to the consumer unsubscribed from all topics
2026-08-13T21:40:47.097+09:00  INFO 6201 --- [game-history-lab] [ntainer#0-0-C-1] o.a.k.c.c.internals.ConsumerCoordinator  : [Consumer clientId=consumer-stage5-main-20260813T124200Z-1, groupId=stage5-main-20260813T124200Z] Resetting generation and member id due to: consumer pro-actively leaving the group
2026-08-13T21:40:47.097+09:00  INFO 6201 --- [game-history-lab] [ntainer#0-0-C-1] o.a.k.c.c.internals.ConsumerCoordinator  : [Consumer clientId=consumer-stage5-main-20260813T124200Z-1, groupId=stage5-main-20260813T124200Z] Request joining group due to: consumer pro-actively leaving the group
2026-08-13T21:40:47.097+09:00  INFO 6201 --- [game-history-lab] [ntainer#0-0-C-1] o.a.k.c.c.i.ClassicKafkaConsumer         : [Consumer clientId=consumer-stage5-main-20260813T124200Z-1, groupId=stage5-main-20260813T124200Z] Unsubscribed all topics or patterns and assigned partitions
2026-08-13T21:40:47.100+09:00  INFO 6201 --- [game-history-lab] [ntainer#0-0-C-1] o.a.k.c.c.internals.ConsumerCoordinator  : [Consumer clientId=consumer-stage5-main-20260813T124200Z-1, groupId=stage5-main-20260813T124200Z] Resetting generation and member id due to: consumer pro-actively leaving the group
2026-08-13T21:40:47.100+09:00  INFO 6201 --- [game-history-lab] [ntainer#0-0-C-1] o.a.k.c.c.internals.ConsumerCoordinator  : [Consumer clientId=consumer-stage5-main-20260813T124200Z-1, groupId=stage5-main-20260813T124200Z] Request joining group due to: consumer pro-actively leaving the group
2026-08-13T21:40:47.361+09:00  INFO 6201 --- [game-history-lab] [ntainer#0-0-C-1] o.apache.kafka.common.metrics.Metrics    : Metrics scheduler closed
2026-08-13T21:40:47.361+09:00  INFO 6201 --- [game-history-lab] [ntainer#0-0-C-1] o.apache.kafka.common.metrics.Metrics    : Closing reporter org.apache.kafka.common.metrics.JmxReporter
2026-08-13T21:40:47.361+09:00  INFO 6201 --- [game-history-lab] [ntainer#0-0-C-1] o.apache.kafka.common.metrics.Metrics    : Closing reporter org.apache.kafka.common.telemetry.internals.ClientTelemetryReporter
2026-08-13T21:40:47.361+09:00  INFO 6201 --- [game-history-lab] [ntainer#0-0-C-1] o.apache.kafka.common.metrics.Metrics    : Metrics reporters closed
2026-08-13T21:40:47.372+09:00  INFO 6201 --- [game-history-lab] [ntainer#0-0-C-1] o.a.kafka.common.utils.AppInfoParser     : App info kafka.consumer for consumer-stage5-main-20260813T124200Z-1 unregistered
2026-08-13T21:40:47.373+09:00  INFO 6201 --- [game-history-lab] [ntainer#0-0-C-1] o.s.k.l.KafkaMessageListenerContainer    : stage5-main-20260813T124200Z: Consumer stopped
2026-08-13T21:40:47.376+09:00  INFO 6201 --- [game-history-lab] [ionShutdownHook] com.zaxxer.hikari.HikariDataSource       : HikariPool-1 - Shutdown initiated...
2026-08-13T21:40:47.383+09:00  INFO 6201 --- [game-history-lab] [ionShutdownHook] com.zaxxer.hikari.HikariDataSource       : HikariPool-1 - Shutdown completed.
