
  .   ____          _            __ _ _
 /\\ / ___'_ __ _ _(_)_ __  __ _ \ \ \ \
( ( )\___ | '_ | '_| | '_ \/ _` | \ \ \ \
 \\/  ___)| |_)| | | | | || (_| |  ) ) ) )
  '  |____| .__|_| |_|_| |_\__, | / / / /
 =========|_|==============|___/=/_/_/_/

 :: Spring Boot ::                (v4.1.0)

2026-08-12T21:48:32.104+09:00  INFO 31077 --- [game-history-lab] [           main] l.g.GameHistoryLabApplicationKt          : Starting GameHistoryLabApplicationKt v0.0.1-SNAPSHOT using Java 21.0.5 with PID 31077 (/Users/hongseungjun/이직/project/game-history-lab/build/libs/game-history-lab-0.0.1-SNAPSHOT.jar started by hongseungjun in /Users/hongseungjun/이직/project/game-history-lab)
2026-08-12T21:48:32.106+09:00  INFO 31077 --- [game-history-lab] [           main] l.g.GameHistoryLabApplicationKt          : No active profile set, falling back to 1 default profile: "default"
2026-08-12T21:48:32.896+09:00  INFO 31077 --- [game-history-lab] [           main] com.zaxxer.hikari.HikariDataSource       : HikariPool-1 - Starting...
2026-08-12T21:48:33.112+09:00  INFO 31077 --- [game-history-lab] [           main] com.zaxxer.hikari.pool.HikariPool        : HikariPool-1 - Added connection com.mysql.cj.jdbc.ConnectionImpl@c97721b
2026-08-12T21:48:33.113+09:00  INFO 31077 --- [game-history-lab] [           main] com.zaxxer.hikari.HikariDataSource       : HikariPool-1 - Start completed.
2026-08-12T21:48:33.218+09:00  WARN 31077 --- [game-history-lab] [           main] o.s.b.c.l.AbstractListenerFactoryBean    : org.springframework.batch.infrastructure.item.ItemProcessor is an interface. The implementing class will not be queried for annotation based listener configurations. If using @StepScope on a @Bean method, be sure to return the implementing class so listener annotations can be used.
2026-08-12T21:48:33.222+09:00  INFO 31077 --- [game-history-lab] [           main] o.s.b.c.step.item.ChunkOrientedTasklet   : DEPRECATION NOTE: The legacy implementation of the chunk-oriented processing model is deprecated as of Spring Batch 6.0 and will be removed in version 7.0.
2026-08-12T21:48:33.240+09:00  WARN 31077 --- [game-history-lab] [           main] o.s.b.c.l.AbstractListenerFactoryBean    : org.springframework.batch.infrastructure.item.ItemProcessor is an interface. The implementing class will not be queried for annotation based listener configurations. If using @StepScope on a @Bean method, be sure to return the implementing class so listener annotations can be used.
2026-08-12T21:48:33.240+09:00  INFO 31077 --- [game-history-lab] [           main] o.s.b.c.step.item.ChunkOrientedTasklet   : DEPRECATION NOTE: The legacy implementation of the chunk-oriented processing model is deprecated as of Spring Batch 6.0 and will be removed in version 7.0.
2026-08-12T21:48:33.320+09:00  INFO 31077 --- [game-history-lab] [           main] l.g.GameHistoryLabApplicationKt          : Started GameHistoryLabApplicationKt in 1.464 seconds (process running for 1.776)
2026-08-12T21:48:33.394+09:00  INFO 31077 --- [game-history-lab] [           main] o.s.b.c.l.s.TaskExecutorJobLauncher      : Job: [SimpleJob: [name=incrementalGameHistoryReadModelJob]] launched with the following parameters: [{JobParameter{name='failAfterCount', value=0, type=class java.lang.Long, identifying=false},JobParameter{name='upperUpdatedAt', value=2026-08-12T00:21:01, type=class java.time.LocalDateTime, identifying=true},JobParameter{name='upperGameId', value=9223372036854775807, type=class java.lang.Long, identifying=true},JobParameter{name='lowerUpdatedAt', value=2026-08-12T00:21:01, type=class java.time.LocalDateTime, identifying=true},JobParameter{name='runId', value=stage4-boundary-20260812T124000Z, type=class java.lang.String, identifying=true},JobParameter{name='lowerGameId', value=1000004, type=class java.lang.Long, identifying=true}}]
2026-08-12T21:48:33.621+09:00  INFO 31077 --- [game-history-lab] [           main] o.s.batch.core.step.AbstractStep         : Executing step: [processIncrementalChangesStep]
2026-08-12T21:48:33.816+09:00  INFO 31077 --- [game-history-lab] [           main] o.s.batch.core.step.AbstractStep         : Step: [processIncrementalChangesStep] executed in 211ms
2026-08-12T21:48:33.954+09:00  INFO 31077 --- [game-history-lab] [           main] o.s.batch.core.step.AbstractStep         : Executing step: [advanceIncrementalCheckpointStep]
2026-08-12T21:48:33.993+09:00  INFO 31077 --- [game-history-lab] [           main] o.s.batch.core.step.AbstractStep         : Step: [advanceIncrementalCheckpointStep] executed in 52ms
2026-08-12T21:48:34.099+09:00  INFO 31077 --- [game-history-lab] [           main] o.s.b.c.l.s.TaskExecutorJobLauncher      : Job: [SimpleJob: [name=incrementalGameHistoryReadModelJob]] completed with the following parameters: [{JobParameter{name='failAfterCount', value=0, type=class java.lang.Long, identifying=false},JobParameter{name='upperUpdatedAt', value=2026-08-12T00:21:01, type=class java.time.LocalDateTime, identifying=true},JobParameter{name='upperGameId', value=9223372036854775807, type=class java.lang.Long, identifying=true},JobParameter{name='lowerUpdatedAt', value=2026-08-12T00:21:01, type=class java.time.LocalDateTime, identifying=true},JobParameter{name='runId', value=stage4-boundary-20260812T124000Z, type=class java.lang.String, identifying=true},JobParameter{name='lowerGameId', value=1000004, type=class java.lang.Long, identifying=true}}] and the following status: [COMPLETED] in 552ms
STAGE4_STEP name=processIncrementalChangesStep status=COMPLETED read=2 write=2 commit=1 rollback=0
STAGE4_STEP name=advanceIncrementalCheckpointStep status=COMPLETED read=0 write=0 commit=1 rollback=0
STAGE4_JOB executionId=255 instanceId=251 status=COMPLETED lowerUpdatedAt=2026-08-12T00:21:01 lowerGameId=1000004 upperUpdatedAt=2026-08-12T00:21:01 durationMs=766
2026-08-12T21:48:34.120+09:00  INFO 31077 --- [game-history-lab] [ionShutdownHook] com.zaxxer.hikari.HikariDataSource       : HikariPool-1 - Shutdown initiated...
2026-08-12T21:48:34.130+09:00  INFO 31077 --- [game-history-lab] [ionShutdownHook] com.zaxxer.hikari.HikariDataSource       : HikariPool-1 - Shutdown completed.
game_id	game_status
1000004	CANCELLED
1000005	CANCELLED
1000006	CANCELLED
