
  .   ____          _            __ _ _
 /\\ / ___'_ __ _ _(_)_ __  __ _ \ \ \ \
( ( )\___ | '_ | '_| | '_ \/ _` | \ \ \ \
 \\/  ___)| |_)| | | | | || (_| |  ) ) ) )
  '  |____| .__|_| |_|_| |_\__, | / / / /
 =========|_|==============|___/=/_/_/_/

 :: Spring Boot ::                (v4.1.0)

2026-08-12T21:48:54.144+09:00  INFO 31345 --- [game-history-lab] [           main] l.g.GameHistoryLabApplicationKt          : Starting GameHistoryLabApplicationKt v0.0.1-SNAPSHOT using Java 21.0.5 with PID 31345 (/Users/hongseungjun/이직/project/game-history-lab/build/libs/game-history-lab-0.0.1-SNAPSHOT.jar started by hongseungjun in /Users/hongseungjun/이직/project/game-history-lab)
2026-08-12T21:48:54.154+09:00  INFO 31345 --- [game-history-lab] [           main] l.g.GameHistoryLabApplicationKt          : No active profile set, falling back to 1 default profile: "default"
2026-08-12T21:48:56.827+09:00  INFO 31345 --- [game-history-lab] [           main] com.zaxxer.hikari.HikariDataSource       : HikariPool-1 - Starting...
2026-08-12T21:48:57.619+09:00  INFO 31345 --- [game-history-lab] [           main] com.zaxxer.hikari.pool.HikariPool        : HikariPool-1 - Added connection com.mysql.cj.jdbc.ConnectionImpl@c97721b
2026-08-12T21:48:57.622+09:00  INFO 31345 --- [game-history-lab] [           main] com.zaxxer.hikari.HikariDataSource       : HikariPool-1 - Start completed.
2026-08-12T21:48:58.082+09:00  WARN 31345 --- [game-history-lab] [           main] o.s.b.c.l.AbstractListenerFactoryBean    : org.springframework.batch.infrastructure.item.ItemProcessor is an interface. The implementing class will not be queried for annotation based listener configurations. If using @StepScope on a @Bean method, be sure to return the implementing class so listener annotations can be used.
2026-08-12T21:48:58.120+09:00  INFO 31345 --- [game-history-lab] [           main] o.s.b.c.step.item.ChunkOrientedTasklet   : DEPRECATION NOTE: The legacy implementation of the chunk-oriented processing model is deprecated as of Spring Batch 6.0 and will be removed in version 7.0.
2026-08-12T21:48:58.172+09:00  WARN 31345 --- [game-history-lab] [           main] o.s.b.c.l.AbstractListenerFactoryBean    : org.springframework.batch.infrastructure.item.ItemProcessor is an interface. The implementing class will not be queried for annotation based listener configurations. If using @StepScope on a @Bean method, be sure to return the implementing class so listener annotations can be used.
2026-08-12T21:48:58.173+09:00  INFO 31345 --- [game-history-lab] [           main] o.s.b.c.step.item.ChunkOrientedTasklet   : DEPRECATION NOTE: The legacy implementation of the chunk-oriented processing model is deprecated as of Spring Batch 6.0 and will be removed in version 7.0.
2026-08-12T21:48:58.514+09:00  INFO 31345 --- [game-history-lab] [           main] l.g.GameHistoryLabApplicationKt          : Started GameHistoryLabApplicationKt in 5.393 seconds (process running for 6.533)
2026-08-12T21:48:58.845+09:00  INFO 31345 --- [game-history-lab] [           main] o.s.b.c.l.s.TaskExecutorJobLauncher      : Job: [SimpleJob: [name=incrementalGameHistoryReadModelJob]] launched with the following parameters: [{JobParameter{name='failAfterCount', value=0, type=class java.lang.Long, identifying=false},JobParameter{name='upperUpdatedAt', value=2026-08-12T01:00, type=class java.time.LocalDateTime, identifying=true},JobParameter{name='upperGameId', value=9223372036854775807, type=class java.lang.Long, identifying=true},JobParameter{name='lowerUpdatedAt', value=2026-08-12T00:49:01, type=class java.time.LocalDateTime, identifying=true},JobParameter{name='runId', value=stage4-replay-20260812T124000Z, type=class java.lang.String, identifying=true},JobParameter{name='lowerGameId', value=0, type=class java.lang.Long, identifying=true}}]
2026-08-12T21:48:59.086+09:00  INFO 31345 --- [game-history-lab] [           main] o.s.batch.core.step.AbstractStep         : Executing step: [processIncrementalChangesStep]
2026-08-12T21:48:59.315+09:00  INFO 31345 --- [game-history-lab] [           main] o.s.batch.core.step.AbstractStep         : Step: [processIncrementalChangesStep] executed in 248ms
2026-08-12T21:48:59.552+09:00  INFO 31345 --- [game-history-lab] [           main] o.s.batch.core.step.AbstractStep         : Executing step: [advanceIncrementalCheckpointStep]
2026-08-12T21:48:59.596+09:00  INFO 31345 --- [game-history-lab] [           main] o.s.batch.core.step.AbstractStep         : Step: [advanceIncrementalCheckpointStep] executed in 63ms
2026-08-12T21:48:59.693+09:00  INFO 31345 --- [game-history-lab] [           main] o.s.b.c.l.s.TaskExecutorJobLauncher      : Job: [SimpleJob: [name=incrementalGameHistoryReadModelJob]] completed with the following parameters: [{JobParameter{name='failAfterCount', value=0, type=class java.lang.Long, identifying=false},JobParameter{name='upperUpdatedAt', value=2026-08-12T01:00, type=class java.time.LocalDateTime, identifying=true},JobParameter{name='upperGameId', value=9223372036854775807, type=class java.lang.Long, identifying=true},JobParameter{name='lowerUpdatedAt', value=2026-08-12T00:49:01, type=class java.time.LocalDateTime, identifying=true},JobParameter{name='runId', value=stage4-replay-20260812T124000Z, type=class java.lang.String, identifying=true},JobParameter{name='lowerGameId', value=0, type=class java.lang.Long, identifying=true}}] and the following status: [COMPLETED] in 701ms
STAGE4_STEP name=processIncrementalChangesStep status=COMPLETED read=1 write=1 commit=1 rollback=0
STAGE4_STEP name=advanceIncrementalCheckpointStep status=COMPLETED read=0 write=0 commit=1 rollback=0
STAGE4_JOB executionId=258 instanceId=253 status=COMPLETED lowerUpdatedAt=2026-08-12T00:49:01 lowerGameId=0 upperUpdatedAt=2026-08-12T01:00 durationMs=1118
2026-08-12T21:48:59.714+09:00  INFO 31345 --- [game-history-lab] [ionShutdownHook] com.zaxxer.hikari.HikariDataSource       : HikariPool-1 - Shutdown initiated...
2026-08-12T21:48:59.727+09:00  INFO 31345 --- [game-history-lab] [ionShutdownHook] com.zaxxer.hikari.HikariDataSource       : HikariPool-1 - Shutdown completed.
checksum_before=15319432641
checksum_after=15319432641
