
         /\      Grafana   /‾‾/  
    /\  /  \     |\  __   /  /   
   /  \/    \    | |/ /  /   ‾‾\ 
  /          \   |   (  |  (‾)  |
 / __________ \  |_|\_\  \_____/ 


     execution: local
        script: benchmarks/stage2/k6/game-history.js
        output: -

     scenarios: (100.00%) 1 scenario, 4 max VUs, 15m30s max duration (incl. graceful stop):
              * benchmark: 5 iterations for each of 4 VUs (maxDuration: 15m0s, gracefulStop: 30s)



  █ THRESHOLDS 

    checks
    ✓ 'rate==1' rate=100.00%

    http_req_failed
    ✓ 'rate==0' rate=0.00%


  █ TOTAL RESULTS 

    checks_total.......: 40      1687.123033/s
    checks_succeeded...: 100.00% 40 out of 40
    checks_failed......: 0.00%   0 out of 40

    ✓ status is 200
    ✓ response has requested page size

    HTTP
    http_req_duration..............: avg=4.17ms min=3.18ms med=4ms    p(90)=5.53ms p(95)=5.54ms p(99)=5.62ms max=5.64ms
      { expected_response:true }...: avg=4.17ms min=3.18ms med=4ms    p(90)=5.53ms p(95)=5.54ms p(99)=5.62ms max=5.64ms
    http_req_failed................: 0.00%  0 out of 20
    http_reqs......................: 20     843.561517/s

    EXECUTION
    iteration_duration.............: avg=4.7ms  min=3.36ms med=4.38ms p(90)=7.27ms p(95)=7.32ms p(99)=7.36ms max=7.37ms
    iterations.....................: 20     843.561517/s

    NETWORK
    data_received..................: 73 kB  3.1 MB/s
    data_sent......................: 3.5 kB 149 kB/s




running (00m00.0s), 0/4 VUs, 20 complete and 0 interrupted iterations
benchmark ✓ [ 100% ] 4 VUs  00m00.0s/15m0s  20/20 iters, 5 per VU
