
         /\      Grafana   /‾‾/  
    /\  /  \     |\  __   /  /   
   /  \/    \    | |/ /  /   ‾‾\ 
  /          \   |   (  |  (‾)  |
 / __________ \  |_|\_\  \_____/ 


     execution: local
        script: benchmarks/stage2/k6/game-history.js
        output: -

     scenarios: (100.00%) 1 scenario, 4 max VUs, 15m30s max duration (incl. graceful stop):
              * benchmark: 50 iterations for each of 4 VUs (maxDuration: 15m0s, gracefulStop: 30s)



  █ THRESHOLDS 

    checks
    ✓ 'rate==1' rate=100.00%

    http_req_failed
    ✓ 'rate==0' rate=0.00%


  █ TOTAL RESULTS 

    checks_total.......: 400     418.126188/s
    checks_succeeded...: 100.00% 400 out of 400
    checks_failed......: 0.00%   0 out of 400

    ✓ status is 200
    ✓ response has requested page size

    HTTP
    http_req_duration..............: avg=18.36ms min=9.77ms med=17.45ms p(90)=23.6ms  p(95)=27.54ms p(99)=31.81ms max=36.63ms
      { expected_response:true }...: avg=18.36ms min=9.77ms med=17.45ms p(90)=23.6ms  p(95)=27.54ms p(99)=31.81ms max=36.63ms
    http_req_failed................: 0.00%  0 out of 200
    http_reqs......................: 200    209.063094/s

    EXECUTION
    iteration_duration.............: avg=18.77ms min=9.92ms med=17.76ms p(90)=24.18ms p(95)=27.93ms p(99)=35.94ms max=36.94ms
    iterations.....................: 200    209.063094/s

    NETWORK
    data_received..................: 729 kB 762 kB/s
    data_sent......................: 36 kB  37 kB/s




running (00m01.0s), 0/4 VUs, 200 complete and 0 interrupted iterations
benchmark ✓ [ 100% ] 4 VUs  00m01.0s/15m0s  200/200 iters, 50 per VU
