
         /\      Grafana   /‾‾/  
    /\  /  \     |\  __   /  /   
   /  \/    \    | |/ /  /   ‾‾\ 
  /          \   |   (  |  (‾)  |
 / __________ \  |_|\_\  \_____/ 


     execution: local
        script: benchmarks/stage1/k6/game-history.js
        output: -

     scenarios: (100.00%) 1 scenario, 4 max VUs, 15m30s max duration (incl. graceful stop):
              * benchmark: 50 iterations for each of 4 VUs (maxDuration: 15m0s, gracefulStop: 30s)


running (00m01.0s), 4/4 VUs, 0 complete and 0 interrupted iterations
benchmark   [   0% ] 4 VUs  00m01.0s/15m0s  000/200 iters, 50 per VU

running (00m02.0s), 4/4 VUs, 0 complete and 0 interrupted iterations
benchmark   [   0% ] 4 VUs  00m02.0s/15m0s  000/200 iters, 50 per VU

running (00m03.0s), 4/4 VUs, 0 complete and 0 interrupted iterations
benchmark   [   0% ] 4 VUs  00m03.0s/15m0s  000/200 iters, 50 per VU

running (00m04.0s), 4/4 VUs, 0 complete and 0 interrupted iterations
benchmark   [   0% ] 4 VUs  00m04.0s/15m0s  000/200 iters, 50 per VU

running (00m05.0s), 4/4 VUs, 0 complete and 0 interrupted iterations
benchmark   [   0% ] 4 VUs  00m05.0s/15m0s  000/200 iters, 50 per VU

running (00m06.0s), 4/4 VUs, 4 complete and 0 interrupted iterations
benchmark   [   2% ] 4 VUs  00m06.0s/15m0s  004/200 iters, 50 per VU

running (00m07.0s), 4/4 VUs, 4 complete and 0 interrupted iterations
benchmark   [   2% ] 4 VUs  00m07.0s/15m0s  004/200 iters, 50 per VU

running (00m08.0s), 4/4 VUs, 4 complete and 0 interrupted iterations
benchmark   [   2% ] 4 VUs  00m08.0s/15m0s  004/200 iters, 50 per VU

running (00m09.0s), 4/4 VUs, 4 complete and 0 interrupted iterations
benchmark   [   2% ] 4 VUs  00m09.0s/15m0s  004/200 iters, 50 per VU

running (00m10.0s), 4/4 VUs, 4 complete and 0 interrupted iterations
benchmark   [   2% ] 4 VUs  00m10.0s/15m0s  004/200 iters, 50 per VU

running (00m11.0s), 4/4 VUs, 4 complete and 0 interrupted iterations
benchmark   [   2% ] 4 VUs  00m11.0s/15m0s  004/200 iters, 50 per VU

running (00m12.0s), 4/4 VUs, 4 complete and 0 interrupted iterations
benchmark   [   2% ] 4 VUs  00m12.0s/15m0s  004/200 iters, 50 per VU

running (00m13.0s), 4/4 VUs, 4 complete and 0 interrupted iterations
benchmark   [   2% ] 4 VUs  00m13.0s/15m0s  004/200 iters, 50 per VU

running (00m14.0s), 4/4 VUs, 8 complete and 0 interrupted iterations
benchmark   [   4% ] 4 VUs  00m14.0s/15m0s  008/200 iters, 50 per VU

running (00m15.0s), 4/4 VUs, 8 complete and 0 interrupted iterations
benchmark   [   4% ] 4 VUs  00m15.0s/15m0s  008/200 iters, 50 per VU

running (00m16.0s), 4/4 VUs, 8 complete and 0 interrupted iterations
benchmark   [   4% ] 4 VUs  00m16.0s/15m0s  008/200 iters, 50 per VU

running (00m17.0s), 4/4 VUs, 8 complete and 0 interrupted iterations
benchmark   [   4% ] 4 VUs  00m17.0s/15m0s  008/200 iters, 50 per VU

running (00m18.0s), 4/4 VUs, 12 complete and 0 interrupted iterations
benchmark   [   6% ] 4 VUs  00m18.0s/15m0s  012/200 iters, 50 per VU

running (00m19.0s), 4/4 VUs, 12 complete and 0 interrupted iterations
benchmark   [   6% ] 4 VUs  00m19.0s/15m0s  012/200 iters, 50 per VU

running (00m20.0s), 4/4 VUs, 12 complete and 0 interrupted iterations
benchmark   [   6% ] 4 VUs  00m20.0s/15m0s  012/200 iters, 50 per VU

running (00m21.0s), 4/4 VUs, 12 complete and 0 interrupted iterations
benchmark   [   6% ] 4 VUs  00m21.0s/15m0s  012/200 iters, 50 per VU

running (00m22.0s), 4/4 VUs, 12 complete and 0 interrupted iterations
benchmark   [   6% ] 4 VUs  00m22.0s/15m0s  012/200 iters, 50 per VU

running (00m23.0s), 4/4 VUs, 16 complete and 0 interrupted iterations
benchmark   [   8% ] 4 VUs  00m23.0s/15m0s  016/200 iters, 50 per VU

running (00m24.0s), 4/4 VUs, 16 complete and 0 interrupted iterations
benchmark   [   8% ] 4 VUs  00m24.0s/15m0s  016/200 iters, 50 per VU

running (00m25.0s), 4/4 VUs, 16 complete and 0 interrupted iterations
benchmark   [   8% ] 4 VUs  00m25.0s/15m0s  016/200 iters, 50 per VU

running (00m26.0s), 4/4 VUs, 16 complete and 0 interrupted iterations
benchmark   [   8% ] 4 VUs  00m26.0s/15m0s  016/200 iters, 50 per VU

running (00m27.0s), 4/4 VUs, 20 complete and 0 interrupted iterations
benchmark   [  10% ] 4 VUs  00m27.0s/15m0s  020/200 iters, 50 per VU

running (00m28.0s), 4/4 VUs, 20 complete and 0 interrupted iterations
benchmark   [  10% ] 4 VUs  00m28.0s/15m0s  020/200 iters, 50 per VU

running (00m29.0s), 4/4 VUs, 20 complete and 0 interrupted iterations
benchmark   [  10% ] 4 VUs  00m29.0s/15m0s  020/200 iters, 50 per VU

running (00m30.0s), 4/4 VUs, 20 complete and 0 interrupted iterations
benchmark   [  10% ] 4 VUs  00m30.0s/15m0s  020/200 iters, 50 per VU

running (00m31.0s), 4/4 VUs, 20 complete and 0 interrupted iterations
benchmark   [  10% ] 4 VUs  00m31.0s/15m0s  020/200 iters, 50 per VU

running (00m32.0s), 4/4 VUs, 24 complete and 0 interrupted iterations
benchmark   [  12% ] 4 VUs  00m32.0s/15m0s  024/200 iters, 50 per VU

running (00m33.0s), 4/4 VUs, 24 complete and 0 interrupted iterations
benchmark   [  12% ] 4 VUs  00m33.0s/15m0s  024/200 iters, 50 per VU

running (00m34.0s), 4/4 VUs, 24 complete and 0 interrupted iterations
benchmark   [  12% ] 4 VUs  00m34.0s/15m0s  024/200 iters, 50 per VU

running (00m35.0s), 4/4 VUs, 24 complete and 0 interrupted iterations
benchmark   [  12% ] 4 VUs  00m35.0s/15m0s  024/200 iters, 50 per VU

running (00m36.0s), 4/4 VUs, 28 complete and 0 interrupted iterations
benchmark   [  14% ] 4 VUs  00m36.0s/15m0s  028/200 iters, 50 per VU

running (00m37.0s), 4/4 VUs, 28 complete and 0 interrupted iterations
benchmark   [  14% ] 4 VUs  00m37.0s/15m0s  028/200 iters, 50 per VU

running (00m38.0s), 4/4 VUs, 28 complete and 0 interrupted iterations
benchmark   [  14% ] 4 VUs  00m38.0s/15m0s  028/200 iters, 50 per VU

running (00m39.0s), 4/4 VUs, 28 complete and 0 interrupted iterations
benchmark   [  14% ] 4 VUs  00m39.0s/15m0s  028/200 iters, 50 per VU

running (00m40.0s), 4/4 VUs, 28 complete and 0 interrupted iterations
benchmark   [  14% ] 4 VUs  00m40.0s/15m0s  028/200 iters, 50 per VU

running (00m41.0s), 4/4 VUs, 32 complete and 0 interrupted iterations
benchmark   [  16% ] 4 VUs  00m41.0s/15m0s  032/200 iters, 50 per VU

running (00m42.0s), 4/4 VUs, 32 complete and 0 interrupted iterations
benchmark   [  16% ] 4 VUs  00m42.0s/15m0s  032/200 iters, 50 per VU

running (00m43.0s), 4/4 VUs, 32 complete and 0 interrupted iterations
benchmark   [  16% ] 4 VUs  00m43.0s/15m0s  032/200 iters, 50 per VU

running (00m44.0s), 4/4 VUs, 32 complete and 0 interrupted iterations
benchmark   [  16% ] 4 VUs  00m44.0s/15m0s  032/200 iters, 50 per VU

running (00m45.0s), 4/4 VUs, 36 complete and 0 interrupted iterations
benchmark   [  18% ] 4 VUs  00m45.0s/15m0s  036/200 iters, 50 per VU

running (00m46.0s), 4/4 VUs, 36 complete and 0 interrupted iterations
benchmark   [  18% ] 4 VUs  00m46.0s/15m0s  036/200 iters, 50 per VU

running (00m47.0s), 4/4 VUs, 36 complete and 0 interrupted iterations
benchmark   [  18% ] 4 VUs  00m47.0s/15m0s  036/200 iters, 50 per VU

running (00m48.0s), 4/4 VUs, 36 complete and 0 interrupted iterations
benchmark   [  18% ] 4 VUs  00m48.0s/15m0s  036/200 iters, 50 per VU

running (00m49.0s), 4/4 VUs, 36 complete and 0 interrupted iterations
benchmark   [  18% ] 4 VUs  00m49.0s/15m0s  036/200 iters, 50 per VU

running (00m50.0s), 4/4 VUs, 40 complete and 0 interrupted iterations
benchmark   [  20% ] 4 VUs  00m50.0s/15m0s  040/200 iters, 50 per VU

running (00m51.0s), 4/4 VUs, 40 complete and 0 interrupted iterations
benchmark   [  20% ] 4 VUs  00m51.0s/15m0s  040/200 iters, 50 per VU

running (00m52.0s), 4/4 VUs, 40 complete and 0 interrupted iterations
benchmark   [  20% ] 4 VUs  00m52.0s/15m0s  040/200 iters, 50 per VU

running (00m53.0s), 4/4 VUs, 40 complete and 0 interrupted iterations
benchmark   [  20% ] 4 VUs  00m53.0s/15m0s  040/200 iters, 50 per VU

running (00m54.0s), 4/4 VUs, 44 complete and 0 interrupted iterations
benchmark   [  22% ] 4 VUs  00m54.0s/15m0s  044/200 iters, 50 per VU

running (00m55.0s), 4/4 VUs, 44 complete and 0 interrupted iterations
benchmark   [  22% ] 4 VUs  00m55.0s/15m0s  044/200 iters, 50 per VU

running (00m56.0s), 4/4 VUs, 44 complete and 0 interrupted iterations
benchmark   [  22% ] 4 VUs  00m56.0s/15m0s  044/200 iters, 50 per VU

running (00m57.0s), 4/4 VUs, 44 complete and 0 interrupted iterations
benchmark   [  22% ] 4 VUs  00m57.0s/15m0s  044/200 iters, 50 per VU

running (00m58.0s), 4/4 VUs, 44 complete and 0 interrupted iterations
benchmark   [  22% ] 4 VUs  00m58.0s/15m0s  044/200 iters, 50 per VU

running (00m59.0s), 4/4 VUs, 48 complete and 0 interrupted iterations
benchmark   [  24% ] 4 VUs  00m59.0s/15m0s  048/200 iters, 50 per VU

running (01m00.0s), 4/4 VUs, 48 complete and 0 interrupted iterations
benchmark   [  24% ] 4 VUs  01m00.0s/15m0s  048/200 iters, 50 per VU

running (01m01.0s), 4/4 VUs, 48 complete and 0 interrupted iterations
benchmark   [  24% ] 4 VUs  01m01.0s/15m0s  048/200 iters, 50 per VU

running (01m02.0s), 4/4 VUs, 48 complete and 0 interrupted iterations
benchmark   [  24% ] 4 VUs  01m02.0s/15m0s  048/200 iters, 50 per VU

running (01m03.0s), 4/4 VUs, 52 complete and 0 interrupted iterations
benchmark   [  26% ] 4 VUs  01m03.0s/15m0s  052/200 iters, 50 per VU

running (01m04.0s), 4/4 VUs, 52 complete and 0 interrupted iterations
benchmark   [  26% ] 4 VUs  01m04.0s/15m0s  052/200 iters, 50 per VU

running (01m05.0s), 4/4 VUs, 52 complete and 0 interrupted iterations
benchmark   [  26% ] 4 VUs  01m05.0s/15m0s  052/200 iters, 50 per VU

running (01m06.0s), 4/4 VUs, 52 complete and 0 interrupted iterations
benchmark   [  26% ] 4 VUs  01m06.0s/15m0s  052/200 iters, 50 per VU

running (01m07.0s), 4/4 VUs, 56 complete and 0 interrupted iterations
benchmark   [  28% ] 4 VUs  01m07.0s/15m0s  056/200 iters, 50 per VU

running (01m08.0s), 4/4 VUs, 56 complete and 0 interrupted iterations
benchmark   [  28% ] 4 VUs  01m08.0s/15m0s  056/200 iters, 50 per VU

running (01m09.0s), 4/4 VUs, 56 complete and 0 interrupted iterations
benchmark   [  28% ] 4 VUs  01m09.0s/15m0s  056/200 iters, 50 per VU

running (01m10.0s), 4/4 VUs, 56 complete and 0 interrupted iterations
benchmark   [  28% ] 4 VUs  01m10.0s/15m0s  056/200 iters, 50 per VU

running (01m11.0s), 4/4 VUs, 56 complete and 0 interrupted iterations
benchmark   [  28% ] 4 VUs  01m11.0s/15m0s  056/200 iters, 50 per VU

running (01m12.0s), 4/4 VUs, 60 complete and 0 interrupted iterations
benchmark   [  30% ] 4 VUs  01m12.0s/15m0s  060/200 iters, 50 per VU

running (01m13.0s), 4/4 VUs, 60 complete and 0 interrupted iterations
benchmark   [  30% ] 4 VUs  01m13.0s/15m0s  060/200 iters, 50 per VU

running (01m14.0s), 4/4 VUs, 60 complete and 0 interrupted iterations
benchmark   [  30% ] 4 VUs  01m14.0s/15m0s  060/200 iters, 50 per VU

running (01m15.0s), 4/4 VUs, 60 complete and 0 interrupted iterations
benchmark   [  30% ] 4 VUs  01m15.0s/15m0s  060/200 iters, 50 per VU

running (01m16.0s), 4/4 VUs, 64 complete and 0 interrupted iterations
benchmark   [  32% ] 4 VUs  01m16.0s/15m0s  064/200 iters, 50 per VU

running (01m17.0s), 4/4 VUs, 64 complete and 0 interrupted iterations
benchmark   [  32% ] 4 VUs  01m17.0s/15m0s  064/200 iters, 50 per VU

running (01m18.0s), 4/4 VUs, 64 complete and 0 interrupted iterations
benchmark   [  32% ] 4 VUs  01m18.0s/15m0s  064/200 iters, 50 per VU

running (01m19.0s), 4/4 VUs, 64 complete and 0 interrupted iterations
benchmark   [  32% ] 4 VUs  01m19.0s/15m0s  064/200 iters, 50 per VU

running (01m20.0s), 4/4 VUs, 68 complete and 0 interrupted iterations
benchmark   [  34% ] 4 VUs  01m20.0s/15m0s  068/200 iters, 50 per VU

running (01m21.0s), 4/4 VUs, 68 complete and 0 interrupted iterations
benchmark   [  34% ] 4 VUs  01m21.0s/15m0s  068/200 iters, 50 per VU

running (01m22.0s), 4/4 VUs, 68 complete and 0 interrupted iterations
benchmark   [  34% ] 4 VUs  01m22.0s/15m0s  068/200 iters, 50 per VU

running (01m23.0s), 4/4 VUs, 68 complete and 0 interrupted iterations
benchmark   [  34% ] 4 VUs  01m23.0s/15m0s  068/200 iters, 50 per VU

running (01m24.0s), 4/4 VUs, 68 complete and 0 interrupted iterations
benchmark   [  34% ] 4 VUs  01m24.0s/15m0s  068/200 iters, 50 per VU

running (01m25.0s), 4/4 VUs, 72 complete and 0 interrupted iterations
benchmark   [  36% ] 4 VUs  01m25.0s/15m0s  072/200 iters, 50 per VU

running (01m26.0s), 4/4 VUs, 72 complete and 0 interrupted iterations
benchmark   [  36% ] 4 VUs  01m26.0s/15m0s  072/200 iters, 50 per VU

running (01m27.0s), 4/4 VUs, 72 complete and 0 interrupted iterations
benchmark   [  36% ] 4 VUs  01m27.0s/15m0s  072/200 iters, 50 per VU

running (01m28.0s), 4/4 VUs, 72 complete and 0 interrupted iterations
benchmark   [  36% ] 4 VUs  01m28.0s/15m0s  072/200 iters, 50 per VU

running (01m29.0s), 4/4 VUs, 76 complete and 0 interrupted iterations
benchmark   [  38% ] 4 VUs  01m29.0s/15m0s  076/200 iters, 50 per VU

running (01m30.0s), 4/4 VUs, 76 complete and 0 interrupted iterations
benchmark   [  38% ] 4 VUs  01m30.0s/15m0s  076/200 iters, 50 per VU

running (01m31.0s), 4/4 VUs, 76 complete and 0 interrupted iterations
benchmark   [  38% ] 4 VUs  01m31.0s/15m0s  076/200 iters, 50 per VU

running (01m32.0s), 4/4 VUs, 76 complete and 0 interrupted iterations
benchmark   [  38% ] 4 VUs  01m32.0s/15m0s  076/200 iters, 50 per VU

running (01m33.0s), 4/4 VUs, 76 complete and 0 interrupted iterations
benchmark   [  38% ] 4 VUs  01m33.0s/15m0s  076/200 iters, 50 per VU

running (01m34.0s), 4/4 VUs, 80 complete and 0 interrupted iterations
benchmark   [  40% ] 4 VUs  01m34.0s/15m0s  080/200 iters, 50 per VU

running (01m35.0s), 4/4 VUs, 80 complete and 0 interrupted iterations
benchmark   [  40% ] 4 VUs  01m35.0s/15m0s  080/200 iters, 50 per VU

running (01m36.0s), 4/4 VUs, 80 complete and 0 interrupted iterations
benchmark   [  40% ] 4 VUs  01m36.0s/15m0s  080/200 iters, 50 per VU

running (01m37.0s), 4/4 VUs, 80 complete and 0 interrupted iterations
benchmark   [  40% ] 4 VUs  01m37.0s/15m0s  080/200 iters, 50 per VU

running (01m38.0s), 4/4 VUs, 84 complete and 0 interrupted iterations
benchmark   [  42% ] 4 VUs  01m38.0s/15m0s  084/200 iters, 50 per VU

running (01m39.0s), 4/4 VUs, 84 complete and 0 interrupted iterations
benchmark   [  42% ] 4 VUs  01m39.0s/15m0s  084/200 iters, 50 per VU

running (01m40.0s), 4/4 VUs, 84 complete and 0 interrupted iterations
benchmark   [  42% ] 4 VUs  01m40.0s/15m0s  084/200 iters, 50 per VU

running (01m41.0s), 4/4 VUs, 84 complete and 0 interrupted iterations
benchmark   [  42% ] 4 VUs  01m41.0s/15m0s  084/200 iters, 50 per VU

running (01m42.0s), 4/4 VUs, 88 complete and 0 interrupted iterations
benchmark   [  44% ] 4 VUs  01m42.0s/15m0s  088/200 iters, 50 per VU

running (01m43.0s), 4/4 VUs, 88 complete and 0 interrupted iterations
benchmark   [  44% ] 4 VUs  01m43.0s/15m0s  088/200 iters, 50 per VU

running (01m44.0s), 4/4 VUs, 88 complete and 0 interrupted iterations
benchmark   [  44% ] 4 VUs  01m44.0s/15m0s  088/200 iters, 50 per VU

running (01m45.0s), 4/4 VUs, 88 complete and 0 interrupted iterations
benchmark   [  44% ] 4 VUs  01m45.0s/15m0s  088/200 iters, 50 per VU

running (01m46.0s), 4/4 VUs, 88 complete and 0 interrupted iterations
benchmark   [  44% ] 4 VUs  01m46.0s/15m0s  088/200 iters, 50 per VU

running (01m47.0s), 4/4 VUs, 92 complete and 0 interrupted iterations
benchmark   [  46% ] 4 VUs  01m47.0s/15m0s  092/200 iters, 50 per VU

running (01m48.0s), 4/4 VUs, 92 complete and 0 interrupted iterations
benchmark   [  46% ] 4 VUs  01m48.0s/15m0s  092/200 iters, 50 per VU

running (01m49.0s), 4/4 VUs, 92 complete and 0 interrupted iterations
benchmark   [  46% ] 4 VUs  01m49.0s/15m0s  092/200 iters, 50 per VU

running (01m50.0s), 4/4 VUs, 92 complete and 0 interrupted iterations
benchmark   [  46% ] 4 VUs  01m50.0s/15m0s  092/200 iters, 50 per VU

running (01m51.0s), 4/4 VUs, 96 complete and 0 interrupted iterations
benchmark   [  48% ] 4 VUs  01m51.0s/15m0s  096/200 iters, 50 per VU

running (01m52.0s), 4/4 VUs, 96 complete and 0 interrupted iterations
benchmark   [  48% ] 4 VUs  01m52.0s/15m0s  096/200 iters, 50 per VU

running (01m53.0s), 4/4 VUs, 96 complete and 0 interrupted iterations
benchmark   [  48% ] 4 VUs  01m53.0s/15m0s  096/200 iters, 50 per VU

running (01m54.0s), 4/4 VUs, 96 complete and 0 interrupted iterations
benchmark   [  48% ] 4 VUs  01m54.0s/15m0s  096/200 iters, 50 per VU

running (01m55.0s), 4/4 VUs, 100 complete and 0 interrupted iterations
benchmark   [  50% ] 4 VUs  01m55.0s/15m0s  100/200 iters, 50 per VU

running (01m56.0s), 4/4 VUs, 100 complete and 0 interrupted iterations
benchmark   [  50% ] 4 VUs  01m56.0s/15m0s  100/200 iters, 50 per VU

running (01m57.0s), 4/4 VUs, 100 complete and 0 interrupted iterations
benchmark   [  50% ] 4 VUs  01m57.0s/15m0s  100/200 iters, 50 per VU

running (01m58.0s), 4/4 VUs, 100 complete and 0 interrupted iterations
benchmark   [  50% ] 4 VUs  01m58.0s/15m0s  100/200 iters, 50 per VU

running (01m59.0s), 4/4 VUs, 100 complete and 0 interrupted iterations
benchmark   [  50% ] 4 VUs  01m59.0s/15m0s  100/200 iters, 50 per VU

running (02m00.0s), 4/4 VUs, 104 complete and 0 interrupted iterations
benchmark   [  52% ] 4 VUs  02m00.0s/15m0s  104/200 iters, 50 per VU

running (02m01.0s), 4/4 VUs, 104 complete and 0 interrupted iterations
benchmark   [  52% ] 4 VUs  02m01.0s/15m0s  104/200 iters, 50 per VU

running (02m02.0s), 4/4 VUs, 104 complete and 0 interrupted iterations
benchmark   [  52% ] 4 VUs  02m02.0s/15m0s  104/200 iters, 50 per VU

running (02m03.0s), 4/4 VUs, 104 complete and 0 interrupted iterations
benchmark   [  52% ] 4 VUs  02m03.0s/15m0s  104/200 iters, 50 per VU

running (02m04.0s), 4/4 VUs, 108 complete and 0 interrupted iterations
benchmark   [  54% ] 4 VUs  02m04.0s/15m0s  108/200 iters, 50 per VU

running (02m05.0s), 4/4 VUs, 108 complete and 0 interrupted iterations
benchmark   [  54% ] 4 VUs  02m05.0s/15m0s  108/200 iters, 50 per VU

running (02m06.0s), 4/4 VUs, 108 complete and 0 interrupted iterations
benchmark   [  54% ] 4 VUs  02m06.0s/15m0s  108/200 iters, 50 per VU

running (02m07.0s), 4/4 VUs, 108 complete and 0 interrupted iterations
benchmark   [  54% ] 4 VUs  02m07.0s/15m0s  108/200 iters, 50 per VU

running (02m08.0s), 4/4 VUs, 112 complete and 0 interrupted iterations
benchmark   [  56% ] 4 VUs  02m08.0s/15m0s  112/200 iters, 50 per VU

running (02m09.0s), 4/4 VUs, 112 complete and 0 interrupted iterations
benchmark   [  56% ] 4 VUs  02m09.0s/15m0s  112/200 iters, 50 per VU

running (02m10.0s), 4/4 VUs, 112 complete and 0 interrupted iterations
benchmark   [  56% ] 4 VUs  02m10.0s/15m0s  112/200 iters, 50 per VU

running (02m11.0s), 4/4 VUs, 112 complete and 0 interrupted iterations
benchmark   [  56% ] 4 VUs  02m11.0s/15m0s  112/200 iters, 50 per VU

running (02m12.0s), 4/4 VUs, 112 complete and 0 interrupted iterations
benchmark   [  56% ] 4 VUs  02m12.0s/15m0s  112/200 iters, 50 per VU

running (02m13.0s), 4/4 VUs, 116 complete and 0 interrupted iterations
benchmark   [  58% ] 4 VUs  02m13.0s/15m0s  116/200 iters, 50 per VU

running (02m14.0s), 4/4 VUs, 116 complete and 0 interrupted iterations
benchmark   [  58% ] 4 VUs  02m14.0s/15m0s  116/200 iters, 50 per VU

running (02m15.0s), 4/4 VUs, 116 complete and 0 interrupted iterations
benchmark   [  58% ] 4 VUs  02m15.0s/15m0s  116/200 iters, 50 per VU

running (02m16.0s), 4/4 VUs, 116 complete and 0 interrupted iterations
benchmark   [  58% ] 4 VUs  02m16.0s/15m0s  116/200 iters, 50 per VU

running (02m17.0s), 4/4 VUs, 120 complete and 0 interrupted iterations
benchmark   [  60% ] 4 VUs  02m17.0s/15m0s  120/200 iters, 50 per VU

running (02m18.0s), 4/4 VUs, 120 complete and 0 interrupted iterations
benchmark   [  60% ] 4 VUs  02m18.0s/15m0s  120/200 iters, 50 per VU

running (02m19.0s), 4/4 VUs, 120 complete and 0 interrupted iterations
benchmark   [  60% ] 4 VUs  02m19.0s/15m0s  120/200 iters, 50 per VU

running (02m20.0s), 4/4 VUs, 120 complete and 0 interrupted iterations
benchmark   [  60% ] 4 VUs  02m20.0s/15m0s  120/200 iters, 50 per VU

running (02m21.0s), 4/4 VUs, 124 complete and 0 interrupted iterations
benchmark   [  62% ] 4 VUs  02m21.0s/15m0s  124/200 iters, 50 per VU

running (02m22.0s), 4/4 VUs, 124 complete and 0 interrupted iterations
benchmark   [  62% ] 4 VUs  02m22.0s/15m0s  124/200 iters, 50 per VU

running (02m23.0s), 4/4 VUs, 124 complete and 0 interrupted iterations
benchmark   [  62% ] 4 VUs  02m23.0s/15m0s  124/200 iters, 50 per VU

running (02m24.0s), 4/4 VUs, 124 complete and 0 interrupted iterations
benchmark   [  62% ] 4 VUs  02m24.0s/15m0s  124/200 iters, 50 per VU

running (02m25.0s), 4/4 VUs, 124 complete and 0 interrupted iterations
benchmark   [  62% ] 4 VUs  02m25.0s/15m0s  124/200 iters, 50 per VU

running (02m26.0s), 4/4 VUs, 128 complete and 0 interrupted iterations
benchmark   [  64% ] 4 VUs  02m26.0s/15m0s  128/200 iters, 50 per VU

running (02m27.0s), 4/4 VUs, 128 complete and 0 interrupted iterations
benchmark   [  64% ] 4 VUs  02m27.0s/15m0s  128/200 iters, 50 per VU

running (02m28.0s), 4/4 VUs, 128 complete and 0 interrupted iterations
benchmark   [  64% ] 4 VUs  02m28.0s/15m0s  128/200 iters, 50 per VU

running (02m29.0s), 4/4 VUs, 128 complete and 0 interrupted iterations
benchmark   [  64% ] 4 VUs  02m29.0s/15m0s  128/200 iters, 50 per VU

running (02m30.0s), 4/4 VUs, 132 complete and 0 interrupted iterations
benchmark   [  66% ] 4 VUs  02m30.0s/15m0s  132/200 iters, 50 per VU

running (02m31.0s), 4/4 VUs, 132 complete and 0 interrupted iterations
benchmark   [  66% ] 4 VUs  02m31.0s/15m0s  132/200 iters, 50 per VU

running (02m32.0s), 4/4 VUs, 132 complete and 0 interrupted iterations
benchmark   [  66% ] 4 VUs  02m32.0s/15m0s  132/200 iters, 50 per VU

running (02m33.0s), 4/4 VUs, 132 complete and 0 interrupted iterations
benchmark   [  66% ] 4 VUs  02m33.0s/15m0s  132/200 iters, 50 per VU

running (02m34.0s), 4/4 VUs, 136 complete and 0 interrupted iterations
benchmark   [  68% ] 4 VUs  02m34.0s/15m0s  136/200 iters, 50 per VU

running (02m35.0s), 4/4 VUs, 136 complete and 0 interrupted iterations
benchmark   [  68% ] 4 VUs  02m35.0s/15m0s  136/200 iters, 50 per VU

running (02m36.0s), 4/4 VUs, 136 complete and 0 interrupted iterations
benchmark   [  68% ] 4 VUs  02m36.0s/15m0s  136/200 iters, 50 per VU

running (02m37.0s), 4/4 VUs, 136 complete and 0 interrupted iterations
benchmark   [  68% ] 4 VUs  02m37.0s/15m0s  136/200 iters, 50 per VU

running (02m38.0s), 4/4 VUs, 136 complete and 0 interrupted iterations
benchmark   [  68% ] 4 VUs  02m38.0s/15m0s  136/200 iters, 50 per VU

running (02m39.0s), 4/4 VUs, 140 complete and 0 interrupted iterations
benchmark   [  70% ] 4 VUs  02m39.0s/15m0s  140/200 iters, 50 per VU

running (02m40.0s), 4/4 VUs, 140 complete and 0 interrupted iterations
benchmark   [  70% ] 4 VUs  02m40.0s/15m0s  140/200 iters, 50 per VU

running (02m41.0s), 4/4 VUs, 140 complete and 0 interrupted iterations
benchmark   [  70% ] 4 VUs  02m41.0s/15m0s  140/200 iters, 50 per VU

running (02m42.0s), 4/4 VUs, 140 complete and 0 interrupted iterations
benchmark   [  70% ] 4 VUs  02m42.0s/15m0s  140/200 iters, 50 per VU

running (02m43.0s), 4/4 VUs, 144 complete and 0 interrupted iterations
benchmark   [  72% ] 4 VUs  02m43.0s/15m0s  144/200 iters, 50 per VU

running (02m44.0s), 4/4 VUs, 144 complete and 0 interrupted iterations
benchmark   [  72% ] 4 VUs  02m44.0s/15m0s  144/200 iters, 50 per VU

running (02m45.0s), 4/4 VUs, 144 complete and 0 interrupted iterations
benchmark   [  72% ] 4 VUs  02m45.0s/15m0s  144/200 iters, 50 per VU

running (02m46.0s), 4/4 VUs, 144 complete and 0 interrupted iterations
benchmark   [  72% ] 4 VUs  02m46.0s/15m0s  144/200 iters, 50 per VU

running (02m47.0s), 4/4 VUs, 144 complete and 0 interrupted iterations
benchmark   [  72% ] 4 VUs  02m47.0s/15m0s  144/200 iters, 50 per VU

running (02m48.0s), 4/4 VUs, 148 complete and 0 interrupted iterations
benchmark   [  74% ] 4 VUs  02m48.0s/15m0s  148/200 iters, 50 per VU

running (02m49.0s), 4/4 VUs, 148 complete and 0 interrupted iterations
benchmark   [  74% ] 4 VUs  02m49.0s/15m0s  148/200 iters, 50 per VU

running (02m50.0s), 4/4 VUs, 148 complete and 0 interrupted iterations
benchmark   [  74% ] 4 VUs  02m50.0s/15m0s  148/200 iters, 50 per VU

running (02m51.0s), 4/4 VUs, 148 complete and 0 interrupted iterations
benchmark   [  74% ] 4 VUs  02m51.0s/15m0s  148/200 iters, 50 per VU

running (02m52.0s), 4/4 VUs, 152 complete and 0 interrupted iterations
benchmark   [  76% ] 4 VUs  02m52.0s/15m0s  152/200 iters, 50 per VU

running (02m53.0s), 4/4 VUs, 152 complete and 0 interrupted iterations
benchmark   [  76% ] 4 VUs  02m53.0s/15m0s  152/200 iters, 50 per VU

running (02m54.0s), 4/4 VUs, 152 complete and 0 interrupted iterations
benchmark   [  76% ] 4 VUs  02m54.0s/15m0s  152/200 iters, 50 per VU

running (02m55.0s), 4/4 VUs, 152 complete and 0 interrupted iterations
benchmark   [  76% ] 4 VUs  02m55.0s/15m0s  152/200 iters, 50 per VU

running (02m56.0s), 4/4 VUs, 152 complete and 0 interrupted iterations
benchmark   [  76% ] 4 VUs  02m56.0s/15m0s  152/200 iters, 50 per VU

running (02m57.0s), 4/4 VUs, 156 complete and 0 interrupted iterations
benchmark   [  78% ] 4 VUs  02m57.0s/15m0s  156/200 iters, 50 per VU

running (02m58.0s), 4/4 VUs, 156 complete and 0 interrupted iterations
benchmark   [  78% ] 4 VUs  02m58.0s/15m0s  156/200 iters, 50 per VU

running (02m59.0s), 4/4 VUs, 156 complete and 0 interrupted iterations
benchmark   [  78% ] 4 VUs  02m59.0s/15m0s  156/200 iters, 50 per VU

running (03m00.0s), 4/4 VUs, 156 complete and 0 interrupted iterations
benchmark   [  78% ] 4 VUs  03m00.0s/15m0s  156/200 iters, 50 per VU

running (03m01.0s), 4/4 VUs, 160 complete and 0 interrupted iterations
benchmark   [  80% ] 4 VUs  03m01.0s/15m0s  160/200 iters, 50 per VU

running (03m02.0s), 4/4 VUs, 160 complete and 0 interrupted iterations
benchmark   [  80% ] 4 VUs  03m02.0s/15m0s  160/200 iters, 50 per VU

running (03m03.0s), 4/4 VUs, 160 complete and 0 interrupted iterations
benchmark   [  80% ] 4 VUs  03m03.0s/15m0s  160/200 iters, 50 per VU

running (03m04.0s), 4/4 VUs, 160 complete and 0 interrupted iterations
benchmark   [  80% ] 4 VUs  03m04.0s/15m0s  160/200 iters, 50 per VU

running (03m05.0s), 4/4 VUs, 164 complete and 0 interrupted iterations
benchmark   [  82% ] 4 VUs  03m05.0s/15m0s  164/200 iters, 50 per VU

running (03m06.0s), 4/4 VUs, 164 complete and 0 interrupted iterations
benchmark   [  82% ] 4 VUs  03m06.0s/15m0s  164/200 iters, 50 per VU

running (03m07.0s), 4/4 VUs, 164 complete and 0 interrupted iterations
benchmark   [  82% ] 4 VUs  03m07.0s/15m0s  164/200 iters, 50 per VU

running (03m08.0s), 4/4 VUs, 164 complete and 0 interrupted iterations
benchmark   [  82% ] 4 VUs  03m08.0s/15m0s  164/200 iters, 50 per VU

running (03m09.0s), 4/4 VUs, 164 complete and 0 interrupted iterations
benchmark   [  82% ] 4 VUs  03m09.0s/15m0s  164/200 iters, 50 per VU

running (03m10.0s), 4/4 VUs, 168 complete and 0 interrupted iterations
benchmark   [  84% ] 4 VUs  03m10.0s/15m0s  168/200 iters, 50 per VU

running (03m11.0s), 4/4 VUs, 168 complete and 0 interrupted iterations
benchmark   [  84% ] 4 VUs  03m11.0s/15m0s  168/200 iters, 50 per VU

running (03m12.0s), 4/4 VUs, 168 complete and 0 interrupted iterations
benchmark   [  84% ] 4 VUs  03m12.0s/15m0s  168/200 iters, 50 per VU

running (03m13.0s), 4/4 VUs, 168 complete and 0 interrupted iterations
benchmark   [  84% ] 4 VUs  03m13.0s/15m0s  168/200 iters, 50 per VU

running (03m14.0s), 4/4 VUs, 172 complete and 0 interrupted iterations
benchmark   [  86% ] 4 VUs  03m14.0s/15m0s  172/200 iters, 50 per VU

running (03m15.0s), 4/4 VUs, 172 complete and 0 interrupted iterations
benchmark   [  86% ] 4 VUs  03m15.0s/15m0s  172/200 iters, 50 per VU

running (03m16.0s), 4/4 VUs, 172 complete and 0 interrupted iterations
benchmark   [  86% ] 4 VUs  03m16.0s/15m0s  172/200 iters, 50 per VU

running (03m17.0s), 4/4 VUs, 172 complete and 0 interrupted iterations
benchmark   [  86% ] 4 VUs  03m17.0s/15m0s  172/200 iters, 50 per VU

running (03m18.0s), 4/4 VUs, 172 complete and 0 interrupted iterations
benchmark   [  86% ] 4 VUs  03m18.0s/15m0s  172/200 iters, 50 per VU

running (03m19.0s), 4/4 VUs, 176 complete and 0 interrupted iterations
benchmark   [  88% ] 4 VUs  03m19.0s/15m0s  176/200 iters, 50 per VU

running (03m20.0s), 4/4 VUs, 176 complete and 0 interrupted iterations
benchmark   [  88% ] 4 VUs  03m20.0s/15m0s  176/200 iters, 50 per VU

running (03m21.0s), 4/4 VUs, 176 complete and 0 interrupted iterations
benchmark   [  88% ] 4 VUs  03m21.0s/15m0s  176/200 iters, 50 per VU

running (03m22.0s), 4/4 VUs, 176 complete and 0 interrupted iterations
benchmark   [  88% ] 4 VUs  03m22.0s/15m0s  176/200 iters, 50 per VU

running (03m23.0s), 4/4 VUs, 180 complete and 0 interrupted iterations
benchmark   [  90% ] 4 VUs  03m23.0s/15m0s  180/200 iters, 50 per VU

running (03m24.0s), 4/4 VUs, 180 complete and 0 interrupted iterations
benchmark   [  90% ] 4 VUs  03m24.0s/15m0s  180/200 iters, 50 per VU

running (03m25.0s), 4/4 VUs, 180 complete and 0 interrupted iterations
benchmark   [  90% ] 4 VUs  03m25.0s/15m0s  180/200 iters, 50 per VU

running (03m26.0s), 4/4 VUs, 180 complete and 0 interrupted iterations
benchmark   [  90% ] 4 VUs  03m26.0s/15m0s  180/200 iters, 50 per VU

running (03m27.0s), 4/4 VUs, 184 complete and 0 interrupted iterations
benchmark   [  92% ] 4 VUs  03m27.0s/15m0s  184/200 iters, 50 per VU

running (03m28.0s), 4/4 VUs, 184 complete and 0 interrupted iterations
benchmark   [  92% ] 4 VUs  03m28.0s/15m0s  184/200 iters, 50 per VU

running (03m29.0s), 4/4 VUs, 184 complete and 0 interrupted iterations
benchmark   [  92% ] 4 VUs  03m29.0s/15m0s  184/200 iters, 50 per VU

running (03m30.0s), 4/4 VUs, 184 complete and 0 interrupted iterations
benchmark   [  92% ] 4 VUs  03m30.0s/15m0s  184/200 iters, 50 per VU

running (03m31.0s), 4/4 VUs, 184 complete and 0 interrupted iterations
benchmark   [  92% ] 4 VUs  03m31.0s/15m0s  184/200 iters, 50 per VU

running (03m32.0s), 4/4 VUs, 188 complete and 0 interrupted iterations
benchmark   [  94% ] 4 VUs  03m32.0s/15m0s  188/200 iters, 50 per VU

running (03m33.0s), 4/4 VUs, 188 complete and 0 interrupted iterations
benchmark   [  94% ] 4 VUs  03m33.0s/15m0s  188/200 iters, 50 per VU

running (03m34.0s), 4/4 VUs, 188 complete and 0 interrupted iterations
benchmark   [  94% ] 4 VUs  03m34.0s/15m0s  188/200 iters, 50 per VU

running (03m35.0s), 4/4 VUs, 188 complete and 0 interrupted iterations
benchmark   [  94% ] 4 VUs  03m35.0s/15m0s  188/200 iters, 50 per VU

running (03m36.0s), 4/4 VUs, 192 complete and 0 interrupted iterations
benchmark   [  96% ] 4 VUs  03m36.0s/15m0s  192/200 iters, 50 per VU

running (03m37.0s), 4/4 VUs, 192 complete and 0 interrupted iterations
benchmark   [  96% ] 4 VUs  03m37.0s/15m0s  192/200 iters, 50 per VU

running (03m38.0s), 4/4 VUs, 192 complete and 0 interrupted iterations
benchmark   [  96% ] 4 VUs  03m38.0s/15m0s  192/200 iters, 50 per VU

running (03m39.0s), 4/4 VUs, 192 complete and 0 interrupted iterations
benchmark   [  96% ] 4 VUs  03m39.0s/15m0s  192/200 iters, 50 per VU

running (03m40.0s), 4/4 VUs, 192 complete and 0 interrupted iterations
benchmark   [  96% ] 4 VUs  03m40.0s/15m0s  192/200 iters, 50 per VU

running (03m41.0s), 4/4 VUs, 196 complete and 0 interrupted iterations
benchmark   [  98% ] 4 VUs  03m41.0s/15m0s  196/200 iters, 50 per VU

running (03m42.0s), 4/4 VUs, 196 complete and 0 interrupted iterations
benchmark   [  98% ] 4 VUs  03m42.0s/15m0s  196/200 iters, 50 per VU

running (03m43.0s), 4/4 VUs, 196 complete and 0 interrupted iterations
benchmark   [  98% ] 4 VUs  03m43.0s/15m0s  196/200 iters, 50 per VU

running (03m44.0s), 4/4 VUs, 196 complete and 0 interrupted iterations
benchmark   [  98% ] 4 VUs  03m44.0s/15m0s  196/200 iters, 50 per VU


  █ THRESHOLDS 

    checks
    ✓ 'rate==1' rate=100.00%

    http_req_failed
    ✓ 'rate==0' rate=0.00%


  █ TOTAL RESULTS 

    checks_total.......: 400     1.780494/s
    checks_succeeded...: 100.00% 400 out of 400
    checks_failed......: 0.00%   0 out of 400

    ✓ status is 200
    ✓ response has requested page size

    HTTP
    http_req_duration..............: avg=4.49s min=4.2s med=4.41s p(90)=4.58s p(95)=4.68s p(99)=7.9s max=7.9s
      { expected_response:true }...: avg=4.49s min=4.2s med=4.41s p(90)=4.58s p(95)=4.68s p(99)=7.9s max=7.9s
    http_req_failed................: 0.00%  0 out of 200
    http_reqs......................: 200    0.890247/s

    EXECUTION
    iteration_duration.............: avg=4.49s min=4.2s med=4.41s p(90)=4.58s p(95)=4.68s p(99)=7.9s max=7.9s
    iterations.....................: 200    0.890247/s
    vus............................: 4      min=4        max=4
    vus_max........................: 4      min=4        max=4

    NETWORK
    data_received..................: 728 kB 3.2 kB/s
    data_sent......................: 31 kB  139 B/s




running (03m44.7s), 0/4 VUs, 200 complete and 0 interrupted iterations
benchmark ✓ [ 100% ] 4 VUs  03m44.7s/15m0s  200/200 iters, 50 per VU
