
         /\      Grafana   /‾‾/  
    /\  /  \     |\  __   /  /   
   /  \/    \    | |/ /  /   ‾‾\ 
  /          \   |   (  |  (‾)  |
 / __________ \  |_|\_\  \_____/ 


     execution: local
        script: benchmarks/stage1/k6/game-history.js
        output: -

     scenarios: (100.00%) 1 scenario, 4 max VUs, 15m30s max duration (incl. graceful stop):
              * benchmark: 5 iterations for each of 4 VUs (maxDuration: 15m0s, gracefulStop: 30s)


running (00m01.0s), 4/4 VUs, 4 complete and 0 interrupted iterations
benchmark   [  20% ] 4 VUs  00m01.0s/15m0s  04/20 iters, 5 per VU

running (00m02.0s), 4/4 VUs, 12 complete and 0 interrupted iterations
benchmark   [  60% ] 4 VUs  00m02.0s/15m0s  12/20 iters, 5 per VU

running (00m03.0s), 4/4 VUs, 16 complete and 0 interrupted iterations
benchmark   [  80% ] 4 VUs  00m03.0s/15m0s  16/20 iters, 5 per VU


  █ THRESHOLDS 

    checks
    ✓ 'rate==1' rate=100.00%

    http_req_failed
    ✓ 'rate==0' rate=0.00%


  █ TOTAL RESULTS 

    checks_total.......: 40      13.04229/s
    checks_succeeded...: 100.00% 40 out of 40
    checks_failed......: 0.00%   0 out of 40

    ✓ status is 200
    ✓ response has requested page size

    HTTP
    http_req_duration..............: avg=612.66ms min=582.58ms med=593.49ms p(90)=687.68ms p(95)=687.69ms p(99)=687.7ms  max=687.7ms 
      { expected_response:true }...: avg=612.66ms min=582.58ms med=593.49ms p(90)=687.68ms p(95)=687.69ms p(99)=687.7ms  max=687.7ms 
    http_req_failed................: 0.00%  0 out of 20
    http_reqs......................: 20     6.521145/s

    EXECUTION
    iteration_duration.............: avg=613.29ms min=582.84ms med=593.74ms p(90)=689.75ms p(95)=689.75ms p(99)=689.75ms max=689.76ms
    iterations.....................: 20     6.521145/s
    vus............................: 4      min=4       max=4
    vus_max........................: 4      min=4       max=4

    NETWORK
    data_received..................: 73 kB  24 kB/s
    data_sent......................: 3.1 kB 1.0 kB/s




running (00m03.1s), 0/4 VUs, 20 complete and 0 interrupted iterations
benchmark ✓ [ 100% ] 4 VUs  00m03.1s/15m0s  20/20 iters, 5 per VU
