command=./scripts/run-stage3-batch.sh stage3-restart-20260812T111000Z full 1 1000000 0
 Container game-history-lab-mysql-1  Running
 Container game-history-lab-mysql-1  Waiting
 Container game-history-lab-mysql-1  Healthy

  .   ____          _            __ _ _
 /\\ / ___'_ __ _ _(_)_ __  __ _ \ \ \ \
( ( )\___ | '_ | '_| | '_ \/ _` | \ \ \ \
 \\/  ___)| |_)| | | | | || (_| |  ) ) ) )
  '  |____| .__|_| |_|_| |_\__, | / / / /
 =========|_|==============|___/=/_/_/_/

 :: Spring Boot ::                (v4.1.0)

2026-08-12T20:40:47.277+09:00  INFO 75928 --- [game-history-lab] [           main] l.g.GameHistoryLabApplicationKt          : Starting GameHistoryLabApplicationKt v0.0.1-SNAPSHOT using Java 21.0.5 with PID 75928 (/Users/hongseungjun/이직/project/game-history-lab/build/libs/game-history-lab-0.0.1-SNAPSHOT.jar started by hongseungjun in /Users/hongseungjun/이직/project/game-history-lab)
2026-08-12T20:40:47.279+09:00  INFO 75928 --- [game-history-lab] [           main] l.g.GameHistoryLabApplicationKt          : No active profile set, falling back to 1 default profile: "default"
2026-08-12T20:40:48.053+09:00  INFO 75928 --- [game-history-lab] [           main] com.zaxxer.hikari.HikariDataSource       : HikariPool-1 - Starting...
2026-08-12T20:40:48.291+09:00  INFO 75928 --- [game-history-lab] [           main] com.zaxxer.hikari.pool.HikariPool        : HikariPool-1 - Added connection com.mysql.cj.jdbc.ConnectionImpl@7ac058a0
2026-08-12T20:40:48.292+09:00  INFO 75928 --- [game-history-lab] [           main] com.zaxxer.hikari.HikariDataSource       : HikariPool-1 - Start completed.
2026-08-12T20:40:48.422+09:00  WARN 75928 --- [game-history-lab] [           main] o.s.b.c.l.AbstractListenerFactoryBean    : org.springframework.batch.infrastructure.item.ItemProcessor is an interface. The implementing class will not be queried for annotation based listener configurations. If using @StepScope on a @Bean method, be sure to return the implementing class so listener annotations can be used.
2026-08-12T20:40:48.428+09:00  INFO 75928 --- [game-history-lab] [           main] o.s.b.c.step.item.ChunkOrientedTasklet   : DEPRECATION NOTE: The legacy implementation of the chunk-oriented processing model is deprecated as of Spring Batch 6.0 and will be removed in version 7.0.
2026-08-12T20:40:48.543+09:00  INFO 75928 --- [game-history-lab] [           main] l.g.GameHistoryLabApplicationKt          : Started GameHistoryLabApplicationKt in 1.544 seconds (process running for 1.876)
2026-08-12T20:40:48.656+09:00  INFO 75928 --- [game-history-lab] [           main] o.s.b.c.l.s.TaskExecutorJobLauncher      : Job: [SimpleJob: [name=gameHistoryReadModelJob]] launched with the following parameters: [{JobParameter{name='mode', value=full, type=class java.lang.String, identifying=true},JobParameter{name='failAfterGameId', value=0, type=class java.lang.Long, identifying=false},JobParameter{name='minGameId', value=1, type=class java.lang.Long, identifying=true},JobParameter{name='maxGameId', value=1000000, type=class java.lang.Long, identifying=true},JobParameter{name='runId', value=stage3-restart-20260812T111000Z, type=class java.lang.String, identifying=true}}]
2026-08-12T20:40:48.738+09:00  INFO 75928 --- [game-history-lab] [           main] o.s.batch.core.step.AbstractStep         : Executing step: [buildReadModelStep]
2026-08-12T20:41:23.444+09:00  INFO 75928 --- [game-history-lab] [           main] o.s.batch.core.step.AbstractStep         : Step: [buildReadModelStep] executed in 34s714ms
2026-08-12T20:41:23.473+09:00  INFO 75928 --- [game-history-lab] [           main] o.s.b.c.l.s.TaskExecutorJobLauncher      : Job: [SimpleJob: [name=gameHistoryReadModelJob]] completed with the following parameters: [{JobParameter{name='mode', value=full, type=class java.lang.String, identifying=true},JobParameter{name='failAfterGameId', value=0, type=class java.lang.Long, identifying=false},JobParameter{name='minGameId', value=1, type=class java.lang.Long, identifying=true},JobParameter{name='maxGameId', value=1000000, type=class java.lang.Long, identifying=true},JobParameter{name='runId', value=stage3-restart-20260812T111000Z, type=class java.lang.String, identifying=true}}] and the following status: [COMPLETED] in 34s778ms
STAGE3_STEP name=buildReadModelStep status=COMPLETED read=750000 write=750000 commit=751 rollback=0
STAGE3_JOB executionId=8 instanceId=6 status=COMPLETED exitCode=COMPLETED
2026-08-12T20:41:23.482+09:00  INFO 75928 --- [game-history-lab] [ionShutdownHook] com.zaxxer.hikari.HikariDataSource       : HikariPool-1 - Shutdown initiated...
2026-08-12T20:41:23.486+09:00  INFO 75928 --- [game-history-lab] [ionShutdownHook] com.zaxxer.hikari.HikariDataSource       : HikariPool-1 - Shutdown completed.
real 37.48
user 13.80
sys 0.88
