command=./scripts/run-stage3-batch.sh stage3-restart-20260812T111000Z full 1 1000000 250001
 Container game-history-lab-mysql-1  Running
 Container game-history-lab-mysql-1  Waiting
 Container game-history-lab-mysql-1  Healthy

  .   ____          _            __ _ _
 /\\ / ___'_ __ _ _(_)_ __  __ _ \ \ \ \
( ( )\___ | '_ | '_| | '_ \/ _` | \ \ \ \
 \\/  ___)| |_)| | | | | || (_| |  ) ) ) )
  '  |____| .__|_| |_|_| |_\__, | / / / /
 =========|_|==============|___/=/_/_/_/

 :: Spring Boot ::                (v4.1.0)

2026-08-12T20:40:31.787+09:00  INFO 75697 --- [game-history-lab] [           main] l.g.GameHistoryLabApplicationKt          : Starting GameHistoryLabApplicationKt v0.0.1-SNAPSHOT using Java 21.0.5 with PID 75697 (/Users/hongseungjun/이직/project/game-history-lab/build/libs/game-history-lab-0.0.1-SNAPSHOT.jar started by hongseungjun in /Users/hongseungjun/이직/project/game-history-lab)
2026-08-12T20:40:31.791+09:00  INFO 75697 --- [game-history-lab] [           main] l.g.GameHistoryLabApplicationKt          : No active profile set, falling back to 1 default profile: "default"
2026-08-12T20:40:32.745+09:00  INFO 75697 --- [game-history-lab] [           main] com.zaxxer.hikari.HikariDataSource       : HikariPool-1 - Starting...
2026-08-12T20:40:33.025+09:00  INFO 75697 --- [game-history-lab] [           main] com.zaxxer.hikari.pool.HikariPool        : HikariPool-1 - Added connection com.mysql.cj.jdbc.ConnectionImpl@3b57dba4
2026-08-12T20:40:33.026+09:00  INFO 75697 --- [game-history-lab] [           main] com.zaxxer.hikari.HikariDataSource       : HikariPool-1 - Start completed.
2026-08-12T20:40:33.176+09:00  WARN 75697 --- [game-history-lab] [           main] o.s.b.c.l.AbstractListenerFactoryBean    : org.springframework.batch.infrastructure.item.ItemProcessor is an interface. The implementing class will not be queried for annotation based listener configurations. If using @StepScope on a @Bean method, be sure to return the implementing class so listener annotations can be used.
2026-08-12T20:40:33.184+09:00  INFO 75697 --- [game-history-lab] [           main] o.s.b.c.step.item.ChunkOrientedTasklet   : DEPRECATION NOTE: The legacy implementation of the chunk-oriented processing model is deprecated as of Spring Batch 6.0 and will be removed in version 7.0.
2026-08-12T20:40:33.311+09:00  INFO 75697 --- [game-history-lab] [           main] l.g.GameHistoryLabApplicationKt          : Started GameHistoryLabApplicationKt in 1.925 seconds (process running for 2.356)
2026-08-12T20:40:33.379+09:00  INFO 75697 --- [game-history-lab] [           main] o.s.b.c.l.s.TaskExecutorJobLauncher      : Job: [SimpleJob: [name=gameHistoryReadModelJob]] launched with the following parameters: [{JobParameter{name='mode', value=full, type=class java.lang.String, identifying=true},JobParameter{name='failAfterGameId', value=250001, type=class java.lang.Long, identifying=false},JobParameter{name='minGameId', value=1, type=class java.lang.Long, identifying=true},JobParameter{name='maxGameId', value=1000000, type=class java.lang.Long, identifying=true},JobParameter{name='runId', value=stage3-restart-20260812T111000Z, type=class java.lang.String, identifying=true}}]
2026-08-12T20:40:33.451+09:00  INFO 75697 --- [game-history-lab] [           main] o.s.batch.core.step.AbstractStep         : Executing step: [buildReadModelStep]
2026-08-12T20:40:45.659+09:00 ERROR 75697 --- [game-history-lab] [           main] o.s.batch.core.step.AbstractStep         : Encountered an error executing step buildReadModelStep in job gameHistoryReadModelJob

java.lang.IllegalStateException: Deterministic failure at gameId=250001
	at lab.gamehistory.batch.GameHistoryReadModelBatchConfiguration.failureInjectingProcessor$lambda$0(GameHistoryReadModelBatchConfiguration.kt:77) ~[!/:0.0.1-SNAPSHOT]
	at java.base/jdk.internal.reflect.DirectMethodHandleAccessor.invoke(DirectMethodHandleAccessor.java:103) ~[na:na]
	at java.base/java.lang.reflect.Method.invoke(Method.java:580) ~[na:na]
	at org.springframework.aop.support.AopUtils.invokeJoinpointUsingReflection(AopUtils.java:359) ~[spring-aop-7.0.8.jar!/:7.0.8]
	at org.springframework.aop.framework.ReflectiveMethodInvocation.invokeJoinpoint(ReflectiveMethodInvocation.java:190) ~[spring-aop-7.0.8.jar!/:7.0.8]
	at org.springframework.aop.framework.ReflectiveMethodInvocation.proceed(ReflectiveMethodInvocation.java:158) ~[spring-aop-7.0.8.jar!/:7.0.8]
	at org.springframework.aop.support.DelegatingIntroductionInterceptor.doProceed(DelegatingIntroductionInterceptor.java:134) ~[spring-aop-7.0.8.jar!/:7.0.8]
	at org.springframework.aop.support.DelegatingIntroductionInterceptor.invoke(DelegatingIntroductionInterceptor.java:122) ~[spring-aop-7.0.8.jar!/:7.0.8]
	at org.springframework.aop.framework.ReflectiveMethodInvocation.proceed(ReflectiveMethodInvocation.java:179) ~[spring-aop-7.0.8.jar!/:7.0.8]
	at org.springframework.aop.framework.JdkDynamicAopProxy.invoke(JdkDynamicAopProxy.java:222) ~[spring-aop-7.0.8.jar!/:7.0.8]
	at jdk.proxy2/jdk.proxy2.$Proxy66.process(Unknown Source) ~[na:na]
	at org.springframework.batch.core.step.item.SimpleChunkProcessor.doProcess(SimpleChunkProcessor.java:153) ~[spring-batch-core-6.0.4.jar!/:6.0.4]
	at org.springframework.batch.core.step.item.SimpleChunkProcessor.transform(SimpleChunkProcessor.java:330) ~[spring-batch-core-6.0.4.jar!/:6.0.4]
	at org.springframework.batch.core.step.item.SimpleChunkProcessor.process(SimpleChunkProcessor.java:227) ~[spring-batch-core-6.0.4.jar!/:6.0.4]
	at org.springframework.batch.core.step.item.ChunkProcessor.process(ChunkProcessor.java:34) ~[spring-batch-core-6.0.4.jar!/:6.0.4]
	at org.springframework.batch.core.step.item.ChunkOrientedTasklet.execute(ChunkOrientedTasklet.java:84) ~[spring-batch-core-6.0.4.jar!/:6.0.4]
	at org.springframework.batch.core.step.tasklet.TaskletStep$ChunkTransactionCallback.doInTransaction(TaskletStep.java:412) ~[spring-batch-core-6.0.4.jar!/:6.0.4]
	at org.springframework.batch.core.step.tasklet.TaskletStep$ChunkTransactionCallback.doInTransaction(TaskletStep.java:336) ~[spring-batch-core-6.0.4.jar!/:6.0.4]
	at org.springframework.transaction.support.TransactionTemplate.execute(TransactionTemplate.java:137) ~[spring-tx-7.0.8.jar!/:7.0.8]
	at org.springframework.batch.core.step.tasklet.TaskletStep$2.doInChunkContext(TaskletStep.java:277) ~[spring-batch-core-6.0.4.jar!/:6.0.4]
	at org.springframework.batch.core.scope.context.StepContextRepeatCallback.doInIteration(StepContextRepeatCallback.java:82) ~[spring-batch-core-6.0.4.jar!/:6.0.4]
	at org.springframework.batch.infrastructure.repeat.support.RepeatTemplate.getNextResult(RepeatTemplate.java:366) ~[spring-batch-infrastructure-6.0.4.jar!/:6.0.4]
	at org.springframework.batch.infrastructure.repeat.support.RepeatTemplate.executeInternal(RepeatTemplate.java:208) ~[spring-batch-infrastructure-6.0.4.jar!/:6.0.4]
	at org.springframework.batch.infrastructure.repeat.support.RepeatTemplate.iterate(RepeatTemplate.java:142) ~[spring-batch-infrastructure-6.0.4.jar!/:6.0.4]
	at org.springframework.batch.core.step.tasklet.TaskletStep.doExecute(TaskletStep.java:262) ~[spring-batch-core-6.0.4.jar!/:6.0.4]
	at org.springframework.batch.core.step.AbstractStep.execute(AbstractStep.java:251) ~[spring-batch-core-6.0.4.jar!/:6.0.4]
	at org.springframework.batch.core.job.SimpleStepHandler.handleStep(SimpleStepHandler.java:128) ~[spring-batch-core-6.0.4.jar!/:6.0.4]
	at org.springframework.batch.core.job.AbstractJob.handleStep(AbstractJob.java:397) ~[spring-batch-core-6.0.4.jar!/:6.0.4]
	at org.springframework.batch.core.job.SimpleJob.doExecute(SimpleJob.java:129) ~[spring-batch-core-6.0.4.jar!/:6.0.4]
	at org.springframework.batch.core.job.AbstractJob.execute(AbstractJob.java:293) ~[spring-batch-core-6.0.4.jar!/:6.0.4]
	at org.springframework.batch.core.launch.support.TaskExecutorJobLauncher$1.run(TaskExecutorJobLauncher.java:220) ~[spring-batch-core-6.0.4.jar!/:6.0.4]
	at org.springframework.core.task.SyncTaskExecutor.execute(SyncTaskExecutor.java:88) ~[spring-core-7.0.8.jar!/:7.0.8]
	at org.springframework.batch.core.launch.support.TaskExecutorJobLauncher.launchJobExecution(TaskExecutorJobLauncher.java:211) ~[spring-batch-core-6.0.4.jar!/:6.0.4]
	at org.springframework.batch.core.launch.support.TaskExecutorJobLauncher.run(TaskExecutorJobLauncher.java:109) ~[spring-batch-core-6.0.4.jar!/:6.0.4]
	at java.base/jdk.internal.reflect.DirectMethodHandleAccessor.invoke(DirectMethodHandleAccessor.java:103) ~[na:na]
	at java.base/java.lang.reflect.Method.invoke(Method.java:580) ~[na:na]
	at org.springframework.aop.support.AopUtils.invokeJoinpointUsingReflection(AopUtils.java:359) ~[spring-aop-7.0.8.jar!/:7.0.8]
	at org.springframework.aop.framework.ReflectiveMethodInvocation.invokeJoinpoint(ReflectiveMethodInvocation.java:190) ~[spring-aop-7.0.8.jar!/:7.0.8]
	at org.springframework.aop.framework.ReflectiveMethodInvocation.proceed(ReflectiveMethodInvocation.java:158) ~[spring-aop-7.0.8.jar!/:7.0.8]
	at org.springframework.transaction.interceptor.TransactionInterceptor$1.proceedWithInvocation(TransactionInterceptor.java:133) ~[spring-tx-7.0.8.jar!/:7.0.8]
	at org.springframework.transaction.interceptor.TransactionAspectSupport.invokeWithinTransaction(TransactionAspectSupport.java:371) ~[spring-tx-7.0.8.jar!/:7.0.8]
	at org.springframework.transaction.interceptor.TransactionInterceptor.invoke(TransactionInterceptor.java:130) ~[spring-tx-7.0.8.jar!/:7.0.8]
	at org.springframework.aop.framework.ReflectiveMethodInvocation.proceed(ReflectiveMethodInvocation.java:179) ~[spring-aop-7.0.8.jar!/:7.0.8]
	at org.springframework.aop.framework.JdkDynamicAopProxy.invoke(JdkDynamicAopProxy.java:222) ~[spring-aop-7.0.8.jar!/:7.0.8]
	at jdk.proxy2/jdk.proxy2.$Proxy68.run(Unknown Source) ~[na:na]
	at lab.gamehistory.batch.Stage3BatchCommand.run(Stage3BatchCommand.kt:39) ~[!/:0.0.1-SNAPSHOT]
	at org.springframework.boot.SpringApplication.lambda$callRunner$0(SpringApplication.java:788) ~[spring-boot-4.1.0.jar!/:4.1.0]
	at org.springframework.util.function.ThrowingConsumer$1.acceptWithException(ThrowingConsumer.java:82) ~[spring-core-7.0.8.jar!/:7.0.8]
	at org.springframework.util.function.ThrowingConsumer.accept(ThrowingConsumer.java:60) ~[spring-core-7.0.8.jar!/:7.0.8]
	at org.springframework.util.function.ThrowingConsumer$1.accept(ThrowingConsumer.java:86) ~[spring-core-7.0.8.jar!/:7.0.8]
	at org.springframework.boot.SpringApplication.callRunner(SpringApplication.java:800) ~[spring-boot-4.1.0.jar!/:4.1.0]
	at org.springframework.boot.SpringApplication.callRunner(SpringApplication.java:788) ~[spring-boot-4.1.0.jar!/:4.1.0]
	at org.springframework.boot.SpringApplication.lambda$callRunners$0(SpringApplication.java:776) ~[spring-boot-4.1.0.jar!/:4.1.0]
	at java.base/java.util.stream.ForEachOps$ForEachOp$OfRef.accept(ForEachOps.java:184) ~[na:na]
	at java.base/java.util.stream.SortedOps$SizedRefSortingSink.end(SortedOps.java:357) ~[na:na]
	at java.base/java.util.stream.AbstractPipeline.copyInto(AbstractPipeline.java:510) ~[na:na]
	at java.base/java.util.stream.AbstractPipeline.wrapAndCopyInto(AbstractPipeline.java:499) ~[na:na]
	at java.base/java.util.stream.ForEachOps$ForEachOp.evaluateSequential(ForEachOps.java:151) ~[na:na]
	at java.base/java.util.stream.ForEachOps$ForEachOp$OfRef.evaluateSequential(ForEachOps.java:174) ~[na:na]
	at java.base/java.util.stream.AbstractPipeline.evaluate(AbstractPipeline.java:234) ~[na:na]
	at java.base/java.util.stream.ReferencePipeline.forEach(ReferencePipeline.java:596) ~[na:na]
	at org.springframework.boot.SpringApplication.callRunners(SpringApplication.java:776) ~[spring-boot-4.1.0.jar!/:4.1.0]
	at org.springframework.boot.SpringApplication.run(SpringApplication.java:328) ~[spring-boot-4.1.0.jar!/:4.1.0]
	at org.springframework.boot.SpringApplication.run(SpringApplication.java:1365) ~[spring-boot-4.1.0.jar!/:4.1.0]
	at org.springframework.boot.SpringApplication.run(SpringApplication.java:1354) ~[spring-boot-4.1.0.jar!/:4.1.0]
	at lab.gamehistory.GameHistoryLabApplicationKt.main(GameHistoryLabApplication.kt:14) ~[!/:0.0.1-SNAPSHOT]
	at java.base/jdk.internal.reflect.DirectMethodHandleAccessor.invoke(DirectMethodHandleAccessor.java:103) ~[na:na]
	at java.base/java.lang.reflect.Method.invoke(Method.java:580) ~[na:na]
	at org.springframework.boot.loader.launch.Launcher.launch(Launcher.java:106) ~[game-history-lab-0.0.1-SNAPSHOT.jar:0.0.1-SNAPSHOT]
	at org.springframework.boot.loader.launch.Launcher.launch(Launcher.java:64) ~[game-history-lab-0.0.1-SNAPSHOT.jar:0.0.1-SNAPSHOT]
	at org.springframework.boot.loader.launch.JarLauncher.main(JarLauncher.java:40) ~[game-history-lab-0.0.1-SNAPSHOT.jar:0.0.1-SNAPSHOT]

2026-08-12T20:40:45.662+09:00  INFO 75697 --- [game-history-lab] [           main] o.s.batch.core.step.AbstractStep         : Step: [buildReadModelStep] executed in 12s216ms
2026-08-12T20:40:45.696+09:00  INFO 75697 --- [game-history-lab] [           main] o.s.b.c.l.s.TaskExecutorJobLauncher      : Job: [SimpleJob: [name=gameHistoryReadModelJob]] completed with the following parameters: [{JobParameter{name='mode', value=full, type=class java.lang.String, identifying=true},JobParameter{name='failAfterGameId', value=250001, type=class java.lang.Long, identifying=false},JobParameter{name='minGameId', value=1, type=class java.lang.Long, identifying=true},JobParameter{name='maxGameId', value=1000000, type=class java.lang.Long, identifying=true},JobParameter{name='runId', value=stage3-restart-20260812T111000Z, type=class java.lang.String, identifying=true}}] and the following status: [FAILED] in 12s267ms
STAGE3_STEP name=buildReadModelStep status=FAILED read=251000 write=250000 commit=250 rollback=1
STAGE3_JOB executionId=7 instanceId=6 status=FAILED exitCode=FAILED
2026-08-12T20:40:45.702+09:00  INFO 75697 --- [game-history-lab] [           main] .s.b.a.l.ConditionEvaluationReportLogger : 

Error starting ApplicationContext. To display the condition evaluation report re-run your application with 'debug' enabled.
2026-08-12T20:40:45.714+09:00 ERROR 75697 --- [game-history-lab] [           main] o.s.boot.SpringApplication               : Application run failed

java.lang.IllegalStateException: Stage 3 batch failed: java.lang.IllegalStateException: Deterministic failure at gameId=250001
	at lab.gamehistory.batch.GameHistoryReadModelBatchConfiguration.failureInjectingProcessor$lambda$0(GameHistoryReadModelBatchConfiguration.kt:77)
	at java.base/jdk.internal.reflect.DirectMethodHandleAccessor.invoke(DirectMethodHandleAccessor.java:103)
	at java.base/java.lang.reflect.Method.invoke(Method.java:580)
	at org.springframework.aop.support.AopUtils.invokeJoinpointUsingReflection(AopUtils.java:359)
	at org.springframework.aop.framework.ReflectiveMethodInvocation.invokeJoinpoint(ReflectiveMethodInvocation.java:190)
	at org.springframework.aop.framework.ReflectiveMethodInvocation.proceed(ReflectiveMethodInvocation.java:158)
	at org.springframework.aop.support.DelegatingIntroductionInterceptor.doProceed(DelegatingIntroductionInterceptor.java:134)
	at org.springframework.aop.support.DelegatingIntroductionInterceptor.invoke(DelegatingIntroductionInterceptor.java:122)
	at org.springframework.aop.framework.ReflectiveMethodInvocation.proceed(ReflectiveMethodInvocation.java:179)
	at org.springframework.aop.framework.JdkDynamicAopProxy.invoke(JdkDynamicAopProxy.java:222)
	at jdk.proxy2/jdk.proxy2.$Proxy66.process(Unknown Source)
	at org.springframework.batch.core.step.item.SimpleChunkProcessor.doProcess(SimpleChunkProcessor.java:153)
	at org.springframework.batch.core.step.item.SimpleChunkProcessor.transform(SimpleChunkProcessor.java:330)
	at org.springframework.batch.core.step.item.SimpleChunkProcessor.process(SimpleChunkProcessor.java:227)
	at org.springframework.batch.core.step.item.ChunkProcessor.process(ChunkProcessor.java:34)
	at org.springframework.batch.core.step.item.ChunkOrientedTasklet.execute(ChunkOrientedTasklet.java:84)
	at org.springframework.batch.core.step.tasklet.TaskletStep$ChunkTransactionCallback.doInTransaction(TaskletStep.java:412)
	at org.springframework.batch.core.step.tasklet.TaskletStep$ChunkTransactionCallback.doInTransaction(TaskletStep.java:336)
	at org.springframework.transaction.support.TransactionTemplate.execute(TransactionTemplate.java:137)
	at org.springframework.batch.core.step.tasklet.TaskletStep$2.doInChunkContext(TaskletStep.java:277)
	at org.springframework.batch.core.scope.context.StepContextRepeatCallback.doInIteration(StepContextRepeatCallback.java:82)
	at org.springframework.batch.infrastructure.repeat.support.RepeatTemplate.getNextResult(RepeatTemplate.java:366)
	at org.springframework.batch.infrastructure.repeat.support.RepeatTemplate.executeInternal(RepeatTemplate.java:208)
	at org.springframework.batch.infrastructure.repeat.support.RepeatTemplate.iterate(RepeatTemplate.java:142)
	at org.springframework.batch.core.step.tasklet.TaskletStep.doExecute(TaskletStep.java:262)
	at org.springframework.batch.core.step.AbstractStep.execute(AbstractStep.java:251)
	at org.springframework.batch.core.job.SimpleStepHandler.handleStep(SimpleStepHandler.java:128)
	at org.springframework.batch.core.job.AbstractJob.handleStep(AbstractJob.java:397)
	at org.springframework.batch.core.job.SimpleJob.doExecute(SimpleJob.java:129)
	at org.springframework.batch.core.job.AbstractJob.execute(AbstractJob.java:293)
	at org.springframework.batch.core.launch.support.TaskExecutorJobLauncher$1.run(TaskExecutorJobLauncher.java:220)
	at org.springframework.core.task.SyncTaskExecutor.execute(SyncTaskExecutor.java:88)
	at org.springframework.batch.core.launch.support.TaskExecutorJobLauncher.launchJobExecution(TaskExecutorJobLauncher.java:211)
	at org.springframework.batch.core.launch.support.TaskExecutorJobLauncher.run(TaskExecutorJobLauncher.java:109)
	at java.base/jdk.internal.reflect.DirectMethodHandleAccessor.invoke(DirectMethodHandleAccessor.java:103)
	at java.base/java.lang.reflect.Method.invoke(Method.java:580)
	at org.springframework.aop.support.AopUtils.invokeJoinpointUsingReflection(AopUtils.java:359)
	at org.springframework.aop.framework.ReflectiveMethodInvocation.invokeJoinpoint(ReflectiveMethodInvocation.java:190)
	at org.springframework.aop.framework.ReflectiveMethodInvocation.proceed(ReflectiveMethodInvocation.java:158)
	at org.springframework.transaction.interceptor.TransactionInterceptor$1.proceedWithInvocation(TransactionInterceptor.java:133)
	at org.springframework.transaction.interceptor.TransactionAspectSupport.invokeWithinTransaction(TransactionAspectSupport.java:371)
	at org.springframework.transaction.interceptor.TransactionInterceptor.invoke(TransactionInterceptor.java:130)
	at org.springframework.aop.framework.ReflectiveMethodInvocation.proceed(ReflectiveMethodInvocation.java:179)
	at org.springframework.aop.framework.JdkDynamicAopProxy.invoke(JdkDynamicAopProxy.java:222)
	at jdk.proxy2/jdk.proxy2.$Proxy68.run(Unknown Source)
	at lab.gamehistory.batch.Stage3BatchCommand.run(Stage3BatchCommand.kt:39)
	at org.springframework.boot.SpringApplication.lambda$callRunner$0(SpringApplication.java:788)
	at org.springframework.util.function.ThrowingConsumer$1.acceptWithException(ThrowingConsumer.java:82)
	at org.springframework.util.function.ThrowingConsumer.accept(ThrowingConsumer.java:60)
	at org.springframework.util.function.ThrowingConsumer$1.accept(ThrowingConsumer.java:86)
	at org.springframework.boot.SpringApplication.callRunner(SpringApplication.java:800)
	at org.springframework.boot.SpringApplication.callRunner(SpringApplication.java:788)
	at org.springframework.boot.SpringApplication.lambda$callRunners$0(SpringApplication.java:776)
	at java.base/java.util.stream.ForEachOps$ForEachOp$OfRef.accept(ForEachOps.java:184)
	at java.base/java.util.stream.SortedOps$SizedRefSortingSink.end(SortedOps.java:357)
	at java.base/java.util.stream.AbstractPipeline.copyInto(AbstractPipeline.java:510)
	at java.base/java.util.stream.AbstractPipeline.wrapAndCopyInto(AbstractPipeline.java:499)
	at java.base/java.util.stream.ForEachOps$ForEachOp.evaluateSequential(ForEachOps.java:151)
	at java.base/java.util.stream.ForEachOps$ForEachOp$OfRef.evaluateSequential(ForEachOps.java:174)
	at java.base/java.util.stream.AbstractPipeline.evaluate(AbstractPipeline.java:234)
	at java.base/java.util.stream.ReferencePipeline.forEach(ReferencePipeline.java:596)
	at org.springframework.boot.SpringApplication.callRunners(SpringApplication.java:776)
	at org.springframework.boot.SpringApplication.run(SpringApplication.java:328)
	at org.springframework.boot.SpringApplication.run(SpringApplication.java:1365)
	at org.springframework.boot.SpringApplication.run(SpringApplication.java:1354)
	at lab.gamehistory.GameHistoryLabApplicationKt.main(GameHistoryLabApplication.kt:14)
	at java.base/jdk.internal.reflect.DirectMethodHandleAccessor.invoke(DirectMethodHandleAccessor.java:103)
	at java.base/java.lang.reflect.Method.invoke(Method.java:580)
	at org.springframework.boot.loader.launch.Launcher.launch(Launcher.java:106)
	at org.springframework.boot.loader.launch.Launcher.launch(Launcher.java:64)
	at org.springframework.boot.loader.launch.JarLauncher.main(JarLauncher.java:40)

	at lab.gamehistory.batch.Stage3BatchCommand.run(Stage3BatchCommand.kt:53) ~[!/:0.0.1-SNAPSHOT]
	at org.springframework.boot.SpringApplication.lambda$callRunner$0(SpringApplication.java:788) ~[spring-boot-4.1.0.jar!/:4.1.0]
	at org.springframework.util.function.ThrowingConsumer$1.acceptWithException(ThrowingConsumer.java:82) ~[spring-core-7.0.8.jar!/:7.0.8]
	at org.springframework.util.function.ThrowingConsumer.accept(ThrowingConsumer.java:60) ~[spring-core-7.0.8.jar!/:7.0.8]
	at org.springframework.util.function.ThrowingConsumer$1.accept(ThrowingConsumer.java:86) ~[spring-core-7.0.8.jar!/:7.0.8]
	at org.springframework.boot.SpringApplication.callRunner(SpringApplication.java:800) ~[spring-boot-4.1.0.jar!/:4.1.0]
	at org.springframework.boot.SpringApplication.callRunner(SpringApplication.java:788) ~[spring-boot-4.1.0.jar!/:4.1.0]
	at org.springframework.boot.SpringApplication.lambda$callRunners$0(SpringApplication.java:776) ~[spring-boot-4.1.0.jar!/:4.1.0]
	at java.base/java.util.stream.ForEachOps$ForEachOp$OfRef.accept(ForEachOps.java:184) ~[na:na]
	at java.base/java.util.stream.SortedOps$SizedRefSortingSink.end(SortedOps.java:357) ~[na:na]
	at java.base/java.util.stream.AbstractPipeline.copyInto(AbstractPipeline.java:510) ~[na:na]
	at java.base/java.util.stream.AbstractPipeline.wrapAndCopyInto(AbstractPipeline.java:499) ~[na:na]
	at java.base/java.util.stream.ForEachOps$ForEachOp.evaluateSequential(ForEachOps.java:151) ~[na:na]
	at java.base/java.util.stream.ForEachOps$ForEachOp$OfRef.evaluateSequential(ForEachOps.java:174) ~[na:na]
	at java.base/java.util.stream.AbstractPipeline.evaluate(AbstractPipeline.java:234) ~[na:na]
	at java.base/java.util.stream.ReferencePipeline.forEach(ReferencePipeline.java:596) ~[na:na]
	at org.springframework.boot.SpringApplication.callRunners(SpringApplication.java:776) ~[spring-boot-4.1.0.jar!/:4.1.0]
	at org.springframework.boot.SpringApplication.run(SpringApplication.java:328) ~[spring-boot-4.1.0.jar!/:4.1.0]
	at org.springframework.boot.SpringApplication.run(SpringApplication.java:1365) ~[spring-boot-4.1.0.jar!/:4.1.0]
	at org.springframework.boot.SpringApplication.run(SpringApplication.java:1354) ~[spring-boot-4.1.0.jar!/:4.1.0]
	at lab.gamehistory.GameHistoryLabApplicationKt.main(GameHistoryLabApplication.kt:14) ~[!/:0.0.1-SNAPSHOT]
	at java.base/jdk.internal.reflect.DirectMethodHandleAccessor.invoke(DirectMethodHandleAccessor.java:103) ~[na:na]
	at java.base/java.lang.reflect.Method.invoke(Method.java:580) ~[na:na]
	at org.springframework.boot.loader.launch.Launcher.launch(Launcher.java:106) ~[game-history-lab-0.0.1-SNAPSHOT.jar:0.0.1-SNAPSHOT]
	at org.springframework.boot.loader.launch.Launcher.launch(Launcher.java:64) ~[game-history-lab-0.0.1-SNAPSHOT.jar:0.0.1-SNAPSHOT]
	at org.springframework.boot.loader.launch.JarLauncher.main(JarLauncher.java:40) ~[game-history-lab-0.0.1-SNAPSHOT.jar:0.0.1-SNAPSHOT]

2026-08-12T20:40:45.716+09:00  INFO 75697 --- [game-history-lab] [           main] com.zaxxer.hikari.HikariDataSource       : HikariPool-1 - Shutdown initiated...
2026-08-12T20:40:45.721+09:00  INFO 75697 --- [game-history-lab] [           main] com.zaxxer.hikari.HikariDataSource       : HikariPool-1 - Shutdown completed.
real 15.47
user 11.03
sys 0.74
client_exit=1
read_model_rows_after_failure=250000
