command=./scripts/run-stage3-batch.sh stage3-backfill-20260812T111000Z backfill 400001 410000
 Container game-history-lab-mysql-1  Running
 Container game-history-lab-mysql-1  Waiting
 Container game-history-lab-mysql-1  Healthy

  .   ____          _            __ _ _
 /\\ / ___'_ __ _ _(_)_ __  __ _ \ \ \ \
( ( )\___ | '_ | '_| | '_ \/ _` | \ \ \ \
 \\/  ___)| |_)| | | | | || (_| |  ) ) ) )
  '  |____| .__|_| |_|_| |_\__, | / / / /
 =========|_|==============|___/=/_/_/_/

 :: Spring Boot ::                (v4.1.0)

2026-08-12T20:42:29.823+09:00  INFO 77096 --- [game-history-lab] [           main] l.g.GameHistoryLabApplicationKt          : Starting GameHistoryLabApplicationKt v0.0.1-SNAPSHOT using Java 21.0.5 with PID 77096 (/Users/hongseungjun/이직/project/game-history-lab/build/libs/game-history-lab-0.0.1-SNAPSHOT.jar started by hongseungjun in /Users/hongseungjun/이직/project/game-history-lab)
2026-08-12T20:42:29.825+09:00  INFO 77096 --- [game-history-lab] [           main] l.g.GameHistoryLabApplicationKt          : No active profile set, falling back to 1 default profile: "default"
2026-08-12T20:42:30.731+09:00  INFO 77096 --- [game-history-lab] [           main] com.zaxxer.hikari.HikariDataSource       : HikariPool-1 - Starting...
2026-08-12T20:42:30.991+09:00  INFO 77096 --- [game-history-lab] [           main] com.zaxxer.hikari.pool.HikariPool        : HikariPool-1 - Added connection com.mysql.cj.jdbc.ConnectionImpl@7ac058a0
2026-08-12T20:42:30.992+09:00  INFO 77096 --- [game-history-lab] [           main] com.zaxxer.hikari.HikariDataSource       : HikariPool-1 - Start completed.
2026-08-12T20:42:31.151+09:00  WARN 77096 --- [game-history-lab] [           main] o.s.b.c.l.AbstractListenerFactoryBean    : org.springframework.batch.infrastructure.item.ItemProcessor is an interface. The implementing class will not be queried for annotation based listener configurations. If using @StepScope on a @Bean method, be sure to return the implementing class so listener annotations can be used.
2026-08-12T20:42:31.159+09:00  INFO 77096 --- [game-history-lab] [           main] o.s.b.c.step.item.ChunkOrientedTasklet   : DEPRECATION NOTE: The legacy implementation of the chunk-oriented processing model is deprecated as of Spring Batch 6.0 and will be removed in version 7.0.
2026-08-12T20:42:31.288+09:00  INFO 77096 --- [game-history-lab] [           main] l.g.GameHistoryLabApplicationKt          : Started GameHistoryLabApplicationKt in 1.786 seconds (process running for 2.14)
2026-08-12T20:42:31.391+09:00  INFO 77096 --- [game-history-lab] [           main] o.s.b.c.l.s.TaskExecutorJobLauncher      : Job: [SimpleJob: [name=gameHistoryReadModelJob]] launched with the following parameters: [{JobParameter{name='mode', value=backfill, type=class java.lang.String, identifying=true},JobParameter{name='failAfterGameId', value=0, type=class java.lang.Long, identifying=false},JobParameter{name='minGameId', value=400001, type=class java.lang.Long, identifying=true},JobParameter{name='maxGameId', value=410000, type=class java.lang.Long, identifying=true},JobParameter{name='runId', value=stage3-backfill-20260812T111000Z, type=class java.lang.String, identifying=true}}]
2026-08-12T20:42:31.475+09:00  INFO 77096 --- [game-history-lab] [           main] o.s.batch.core.step.AbstractStep         : Executing step: [buildReadModelStep]
2026-08-12T20:42:32.090+09:00  INFO 77096 --- [game-history-lab] [           main] o.s.batch.core.step.AbstractStep         : Step: [buildReadModelStep] executed in 621ms
2026-08-12T20:42:32.127+09:00  INFO 77096 --- [game-history-lab] [           main] o.s.b.c.l.s.TaskExecutorJobLauncher      : Job: [SimpleJob: [name=gameHistoryReadModelJob]] completed with the following parameters: [{JobParameter{name='mode', value=backfill, type=class java.lang.String, identifying=true},JobParameter{name='failAfterGameId', value=0, type=class java.lang.Long, identifying=false},JobParameter{name='minGameId', value=400001, type=class java.lang.Long, identifying=true},JobParameter{name='maxGameId', value=410000, type=class java.lang.Long, identifying=true},JobParameter{name='runId', value=stage3-backfill-20260812T111000Z, type=class java.lang.String, identifying=true}}] and the following status: [COMPLETED] in 686ms
STAGE3_STEP name=buildReadModelStep status=COMPLETED read=10000 write=10000 commit=11 rollback=0
STAGE3_JOB executionId=9 instanceId=7 status=COMPLETED exitCode=COMPLETED
2026-08-12T20:42:32.134+09:00  INFO 77096 --- [game-history-lab] [ionShutdownHook] com.zaxxer.hikari.HikariDataSource       : HikariPool-1 - Shutdown initiated...
2026-08-12T20:42:32.139+09:00  INFO 77096 --- [game-history-lab] [ionShutdownHook] com.zaxxer.hikari.HikariDataSource       : HikariPool-1 - Shutdown completed.
real 3.64
user 7.65
sys 0.41
outside_checksum_before=2127689939751403
outside_checksum_after=2127689939751403
