 Container game-history-lab-review-connect-1  Stopping
 Container game-history-lab-review-connect-1  Stopped
 Container game-history-lab-review-kafka-1  Stopping
 Container game-history-lab-review-kafka-1  Stopped
 Container game-history-lab-review-kafka-1  Removing
 Container game-history-lab-review-connect-1  Removing
 Container game-history-lab-review-kafka-1  Removed
 Container game-history-lab-review-connect-1  Removed
 Container game-history-lab-review-kafka-1  Creating
 Container game-history-lab-review-mysql-1  Running
 Container game-history-lab-review-kafka-1  Created
 Container game-history-lab-review-connect-1  Creating
 Container game-history-lab-review-connect-1  Created
 Container game-history-lab-review-kafka-1  Starting
 Container game-history-lab-review-kafka-1  Started
 Container game-history-lab-review-mysql-1  Waiting
 Container game-history-lab-review-kafka-1  Waiting
 Container game-history-lab-review-mysql-1  Healthy
 Container game-history-lab-review-kafka-1  Healthy
 Container game-history-lab-review-connect-1  Starting
 Container game-history-lab-review-connect-1  Started
 Container game-history-lab-review-mysql-1  Waiting
 Container game-history-lab-review-kafka-1  Waiting
 Container game-history-lab-review-connect-1  Waiting
 Container game-history-lab-review-mysql-1  Healthy
 Container game-history-lab-review-kafka-1  Healthy
 Container game-history-lab-review-connect-1  Healthy
{"name":"game-history-mysql","connector":{"state":"RUNNING","worker_id":"172.21.0.4:8083","version":"3.4.3.Final"},"tasks":[{"id":0,"state":"RUNNING","worker_id":"172.21.0.4:8083","version":"3.4.3.Final"}],"type":"source"}
