
         /\      Grafana   /‾‾/  
    /\  /  \     |\  __   /  /   
   /  \/    \    | |/ /  /   ‾‾\ 
  /          \   |   (  |  (‾)  |
 / __________ \  |_|\_\  \_____/ 


     execution: local
        script: benchmarks/stage2/k6/game-history.js
        output: -

     scenarios: (100.00%) 1 scenario, 4 max VUs, 15m30s max duration (incl. graceful stop):
              * benchmark: 50 iterations for each of 4 VUs (maxDuration: 15m0s, gracefulStop: 30s)


running (00m01.0s), 4/4 VUs, 4 complete and 0 interrupted iterations
benchmark   [   2% ] 4 VUs  00m01.0s/15m0s  004/200 iters, 50 per VU

running (00m02.0s), 4/4 VUs, 8 complete and 0 interrupted iterations
benchmark   [   4% ] 4 VUs  00m02.0s/15m0s  008/200 iters, 50 per VU

running (00m03.0s), 4/4 VUs, 16 complete and 0 interrupted iterations
benchmark   [   8% ] 4 VUs  00m03.0s/15m0s  016/200 iters, 50 per VU

running (00m04.0s), 4/4 VUs, 20 complete and 0 interrupted iterations
benchmark   [  10% ] 4 VUs  00m04.0s/15m0s  020/200 iters, 50 per VU

running (00m05.0s), 4/4 VUs, 28 complete and 0 interrupted iterations
benchmark   [  14% ] 4 VUs  00m05.0s/15m0s  028/200 iters, 50 per VU

running (00m06.0s), 4/4 VUs, 32 complete and 0 interrupted iterations
benchmark   [  16% ] 4 VUs  00m06.0s/15m0s  032/200 iters, 50 per VU

running (00m07.0s), 4/4 VUs, 40 complete and 0 interrupted iterations
benchmark   [  20% ] 4 VUs  00m07.0s/15m0s  040/200 iters, 50 per VU

running (00m08.0s), 4/4 VUs, 44 complete and 0 interrupted iterations
benchmark   [  22% ] 4 VUs  00m08.0s/15m0s  044/200 iters, 50 per VU

running (00m09.0s), 4/4 VUs, 52 complete and 0 interrupted iterations
benchmark   [  26% ] 4 VUs  00m09.0s/15m0s  052/200 iters, 50 per VU

running (00m10.0s), 4/4 VUs, 56 complete and 0 interrupted iterations
benchmark   [  28% ] 4 VUs  00m10.0s/15m0s  056/200 iters, 50 per VU

running (00m11.0s), 4/4 VUs, 64 complete and 0 interrupted iterations
benchmark   [  32% ] 4 VUs  00m11.0s/15m0s  064/200 iters, 50 per VU

running (00m12.0s), 4/4 VUs, 68 complete and 0 interrupted iterations
benchmark   [  34% ] 4 VUs  00m12.0s/15m0s  068/200 iters, 50 per VU

running (00m13.0s), 4/4 VUs, 72 complete and 0 interrupted iterations
benchmark   [  36% ] 4 VUs  00m13.0s/15m0s  072/200 iters, 50 per VU

running (00m14.0s), 4/4 VUs, 80 complete and 0 interrupted iterations
benchmark   [  40% ] 4 VUs  00m14.0s/15m0s  080/200 iters, 50 per VU

running (00m15.0s), 4/4 VUs, 84 complete and 0 interrupted iterations
benchmark   [  42% ] 4 VUs  00m15.0s/15m0s  084/200 iters, 50 per VU

running (00m16.0s), 4/4 VUs, 92 complete and 0 interrupted iterations
benchmark   [  46% ] 4 VUs  00m16.0s/15m0s  092/200 iters, 50 per VU

running (00m17.0s), 4/4 VUs, 96 complete and 0 interrupted iterations
benchmark   [  48% ] 4 VUs  00m17.0s/15m0s  096/200 iters, 50 per VU

running (00m18.0s), 4/4 VUs, 100 complete and 0 interrupted iterations
benchmark   [  50% ] 4 VUs  00m18.0s/15m0s  100/200 iters, 50 per VU

running (00m19.0s), 4/4 VUs, 104 complete and 0 interrupted iterations
benchmark   [  52% ] 4 VUs  00m19.0s/15m0s  104/200 iters, 50 per VU

running (00m20.0s), 4/4 VUs, 108 complete and 0 interrupted iterations
benchmark   [  54% ] 4 VUs  00m20.0s/15m0s  108/200 iters, 50 per VU

running (00m21.0s), 4/4 VUs, 116 complete and 0 interrupted iterations
benchmark   [  58% ] 4 VUs  00m21.0s/15m0s  116/200 iters, 50 per VU

running (00m22.0s), 4/4 VUs, 120 complete and 0 interrupted iterations
benchmark   [  60% ] 4 VUs  00m22.0s/15m0s  120/200 iters, 50 per VU

running (00m23.0s), 4/4 VUs, 128 complete and 0 interrupted iterations
benchmark   [  64% ] 4 VUs  00m23.0s/15m0s  128/200 iters, 50 per VU

running (00m24.0s), 4/4 VUs, 132 complete and 0 interrupted iterations
benchmark   [  66% ] 4 VUs  00m24.0s/15m0s  132/200 iters, 50 per VU

running (00m25.0s), 4/4 VUs, 136 complete and 0 interrupted iterations
benchmark   [  68% ] 4 VUs  00m25.0s/15m0s  136/200 iters, 50 per VU

running (00m26.0s), 4/4 VUs, 140 complete and 0 interrupted iterations
benchmark   [  70% ] 4 VUs  00m26.0s/15m0s  140/200 iters, 50 per VU

running (00m27.0s), 4/4 VUs, 144 complete and 0 interrupted iterations
benchmark   [  72% ] 4 VUs  00m27.0s/15m0s  144/200 iters, 50 per VU

running (00m28.0s), 4/4 VUs, 148 complete and 0 interrupted iterations
benchmark   [  74% ] 4 VUs  00m28.0s/15m0s  148/200 iters, 50 per VU

running (00m29.0s), 4/4 VUs, 152 complete and 0 interrupted iterations
benchmark   [  76% ] 4 VUs  00m29.0s/15m0s  152/200 iters, 50 per VU

running (00m30.0s), 4/4 VUs, 160 complete and 0 interrupted iterations
benchmark   [  80% ] 4 VUs  00m30.0s/15m0s  160/200 iters, 50 per VU

running (00m31.0s), 4/4 VUs, 164 complete and 0 interrupted iterations
benchmark   [  82% ] 4 VUs  00m31.0s/15m0s  164/200 iters, 50 per VU

running (00m32.0s), 4/4 VUs, 172 complete and 0 interrupted iterations
benchmark   [  86% ] 4 VUs  00m32.0s/15m0s  172/200 iters, 50 per VU

running (00m33.0s), 4/4 VUs, 176 complete and 0 interrupted iterations
benchmark   [  88% ] 4 VUs  00m33.0s/15m0s  176/200 iters, 50 per VU

running (00m34.0s), 4/4 VUs, 184 complete and 0 interrupted iterations
benchmark   [  92% ] 4 VUs  00m34.0s/15m0s  184/200 iters, 50 per VU

running (00m35.0s), 4/4 VUs, 188 complete and 0 interrupted iterations
benchmark   [  94% ] 4 VUs  00m35.0s/15m0s  188/200 iters, 50 per VU

running (00m36.0s), 4/4 VUs, 196 complete and 0 interrupted iterations
benchmark   [  98% ] 4 VUs  00m36.0s/15m0s  196/200 iters, 50 per VU


  █ THRESHOLDS 

    checks
    ✓ 'rate==1' rate=100.00%

    http_req_failed
    ✓ 'rate==0' rate=0.00%


  █ TOTAL RESULTS 

    checks_total.......: 400     10.931443/s
    checks_succeeded...: 100.00% 400 out of 400
    checks_failed......: 0.00%   0 out of 400

    ✓ status is 200
    ✓ response has requested page size

    HTTP
    http_req_duration..............: avg=731.43ms min=612.38ms med=696.47ms p(90)=920.84ms p(95)=1.02s p(99)=1.08s max=1.08s
      { expected_response:true }...: avg=731.43ms min=612.38ms med=696.47ms p(90)=920.84ms p(95)=1.02s p(99)=1.08s max=1.08s
    http_req_failed................: 0.00%  0 out of 200
    http_reqs......................: 200    5.465722/s

    EXECUTION
    iteration_duration.............: avg=731.85ms min=612.73ms med=697.18ms p(90)=921.67ms p(95)=1.02s p(99)=1.08s max=1.08s
    iterations.....................: 200    5.465722/s
    vus............................: 4      min=4        max=4
    vus_max........................: 4      min=4        max=4

    NETWORK
    data_received..................: 728 kB 20 kB/s
    data_sent......................: 35 kB  957 B/s




running (00m36.6s), 0/4 VUs, 200 complete and 0 interrupted iterations
benchmark ✓ [ 100% ] 4 VUs  00m36.6s/15m0s  200/200 iters, 50 per VU
