
         /\      Grafana   /‾‾/  
    /\  /  \     |\  __   /  /   
   /  \/    \    | |/ /  /   ‾‾\ 
  /          \   |   (  |  (‾)  |
 / __________ \  |_|\_\  \_____/ 


     execution: local
        script: benchmarks/stage2/k6/game-history.js
        output: -

     scenarios: (100.00%) 1 scenario, 4 max VUs, 15m30s max duration (incl. graceful stop):
              * benchmark: 5 iterations for each of 4 VUs (maxDuration: 15m0s, gracefulStop: 30s)



  █ THRESHOLDS 

    checks
    ✓ 'rate==1' rate=100.00%

    http_req_failed
    ✓ 'rate==0' rate=0.00%


  █ TOTAL RESULTS 

    checks_total.......: 40      609.21746/s
    checks_succeeded...: 100.00% 40 out of 40
    checks_failed......: 0.00%   0 out of 40

    ✓ status is 200
    ✓ response has requested page size

    HTTP
    http_req_duration..............: avg=11.45ms min=4.53ms med=10.39ms p(90)=23.72ms p(95)=23.91ms p(99)=23.99ms max=24.02ms
      { expected_response:true }...: avg=11.45ms min=4.53ms med=10.39ms p(90)=23.72ms p(95)=23.91ms p(99)=23.99ms max=24.02ms
    http_req_failed................: 0.00%  0 out of 20
    http_reqs......................: 20     304.60873/s

    EXECUTION
    iteration_duration.............: avg=12.91ms min=5.25ms med=10.66ms p(90)=29.41ms p(95)=29.54ms p(99)=29.55ms max=29.55ms
    iterations.....................: 20     304.60873/s

    NETWORK
    data_received..................: 73 kB  1.1 MB/s
    data_sent......................: 3.5 kB 54 kB/s




running (00m00.1s), 0/4 VUs, 20 complete and 0 interrupted iterations
benchmark ✓ [ 100% ] 4 VUs  00m00.1s/15m0s  20/20 iters, 5 per VU
