
         /\      Grafana   /‾‾/  
    /\  /  \     |\  __   /  /   
   /  \/    \    | |/ /  /   ‾‾\ 
  /          \   |   (  |  (‾)  |
 / __________ \  |_|\_\  \_____/ 


     execution: local
        script: benchmarks/stage2/k6/game-history.js
        output: -

     scenarios: (100.00%) 1 scenario, 4 max VUs, 15m30s max duration (incl. graceful stop):
              * benchmark: 5 iterations for each of 4 VUs (maxDuration: 15m0s, gracefulStop: 30s)



  █ THRESHOLDS 

    checks
    ✓ 'rate==1' rate=100.00%

    http_req_failed
    ✓ 'rate==0' rate=0.00%


  █ TOTAL RESULTS 

    checks_total.......: 40      398.327026/s
    checks_succeeded...: 100.00% 40 out of 40
    checks_failed......: 0.00%   0 out of 40

    ✓ status is 200
    ✓ response has requested page size

    HTTP
    http_req_duration..............: avg=18.24ms min=12.24ms med=18.19ms p(90)=22.17ms p(95)=22.88ms p(99)=27.84ms max=29.08ms
      { expected_response:true }...: avg=18.24ms min=12.24ms med=18.19ms p(90)=22.17ms p(95)=22.88ms p(99)=27.84ms max=29.08ms
    http_req_failed................: 0.00%  0 out of 20
    http_reqs......................: 20     199.163513/s

    EXECUTION
    iteration_duration.............: avg=19.71ms min=12.4ms  med=19.16ms p(90)=27.95ms p(95)=28.37ms p(99)=29.04ms max=29.21ms
    iterations.....................: 20     199.163513/s

    NETWORK
    data_received..................: 73 kB  726 kB/s
    data_sent......................: 3.6 kB 36 kB/s




running (00m00.1s), 0/4 VUs, 20 complete and 0 interrupted iterations
benchmark ✓ [ 100% ] 4 VUs  00m00.1s/15m0s  20/20 iters, 5 per VU
