
         /\      Grafana   /‾‾/  
    /\  /  \     |\  __   /  /   
   /  \/    \    | |/ /  /   ‾‾\ 
  /          \   |   (  |  (‾)  |
 / __________ \  |_|\_\  \_____/ 


     execution: local
        script: benchmarks/stage2/k6/game-history.js
        output: -

     scenarios: (100.00%) 1 scenario, 4 max VUs, 15m30s max duration (incl. graceful stop):
              * benchmark: 5 iterations for each of 4 VUs (maxDuration: 15m0s, gracefulStop: 30s)



  █ THRESHOLDS 

    checks
    ✓ 'rate==1' rate=100.00%

    http_req_failed
    ✓ 'rate==0' rate=0.00%


  █ TOTAL RESULTS 

    checks_total.......: 40      1643.182845/s
    checks_succeeded...: 100.00% 40 out of 40
    checks_failed......: 0.00%   0 out of 40

    ✓ status is 200
    ✓ response has requested page size

    HTTP
    http_req_duration..............: avg=4.14ms min=3.76ms med=4.2ms  p(90)=4.35ms p(95)=4.47ms p(99)=4.69ms max=4.75ms
      { expected_response:true }...: avg=4.14ms min=3.76ms med=4.2ms  p(90)=4.35ms p(95)=4.47ms p(99)=4.69ms max=4.75ms
    http_req_failed................: 0.00%  0 out of 20
    http_reqs......................: 20     821.591423/s

    EXECUTION
    iteration_duration.............: avg=4.81ms min=4.06ms med=4.52ms p(90)=6.29ms p(95)=6.36ms p(99)=6.4ms  max=6.41ms
    iterations.....................: 20     821.591423/s

    NETWORK
    data_received..................: 73 kB  3.0 MB/s
    data_sent......................: 3.5 kB 145 kB/s




running (00m00.0s), 0/4 VUs, 20 complete and 0 interrupted iterations
benchmark ✓ [ 100% ] 4 VUs  00m00.0s/15m0s  20/20 iters, 5 per VU
